Component: ARM Compiler 5.06 update 6 (build 750) Tool: armlink [4d35ed]

==============================================================================

Section Cross References

    main.o(i.GimbalYawPIDCtl) refers to dfltui.o(.text) for __aeabi_ui2d
    main.o(i.GimbalYawPIDCtl) refers to ddiv.o(.text) for __aeabi_ddiv
    main.o(i.GimbalYawPIDCtl) refers to dadd.o(.text) for __aeabi_dsub
    main.o(i.GimbalYawPIDCtl) refers to d2f.o(.text) for __aeabi_d2f
    main.o(i.GimbalYawPIDCtl) refers to f2d.o(.text) for __aeabi_f2d
    main.o(i.GimbalYawPIDCtl) refers to cdcmple.o(.text) for __aeabi_cdcmple
    main.o(i.GimbalYawPIDCtl) refers to fadd.o(.text) for __aeabi_fsub
    main.o(i.GimbalYawPIDCtl) refers to dmul.o(.text) for __aeabi_dmul
    main.o(i.GimbalYawPIDCtl) refers to gimbal.o(i.Gimbal_SetYaw) for Gimbal_SetYaw
    main.o(i.GimbalYawPIDCtl) refers to printfa.o(i.__0printf) for __2printf
    main.o(i.GimbalYawPIDCtl) refers to main.o(.data) for curXOffset
    main.o(i.GimbalYawPIDCtl) refers to gimbal.o(.data) for curYaw
    main.o(i.fputc) refers to stm32f10x_usart.o(i.USART_SendData) for USART_SendData
    main.o(i.fputc) refers to main.o(.data) for loggingUsart
    main.o(i.main) refers to sys_tick.o(i.SysTick_Init) for SysTick_Init
    main.o(i.main) refers to usart.o(i.Usart_Init) for Usart_Init
    main.o(i.main) refers to gimbal.o(i.Gimbal_Init) for Gimbal_Init
    main.o(i.main) refers to ring_buffer.o(i.RingBuffer_GetByteUsed) for RingBuffer_GetByteUsed
    main.o(i.main) refers to main.o(i.updateBlobInfo) for updateBlobInfo
    main.o(i.main) refers to gimbal.o(i.Gimbal_Update) for Gimbal_Update
    main.o(i.main) refers to main.o(i.GimbalYawPIDCtl) for GimbalYawPIDCtl
    main.o(i.main) refers to sys_tick.o(i.SysTick_DelayMs) for SysTick_DelayMs
    main.o(i.main) refers to main.o(.data) for servoUsart
    main.o(i.updateBlobInfo) refers to ring_buffer.o(i.RingBuffer_Pop) for RingBuffer_Pop
    main.o(i.updateBlobInfo) refers to dfltui.o(.text) for __aeabi_ui2d
    main.o(i.updateBlobInfo) refers to dmul.o(.text) for __aeabi_dmul
    main.o(i.updateBlobInfo) refers to dadd.o(.text) for __aeabi_dadd
    main.o(i.updateBlobInfo) refers to dfixui.o(.text) for __aeabi_d2uiz
    main.o(i.updateBlobInfo) refers to ring_buffer.o(i.RingBuffer_GetByteUsed) for RingBuffer_GetByteUsed
    main.o(i.updateBlobInfo) refers to main.o(.data) for blobPkgIdx
    main.o(.data) refers to usart.o(.bss) for usart1
    usart.o(i.USART1_IRQHandler) refers to stm32f10x_usart.o(i.USART_GetITStatus) for USART_GetITStatus
    usart.o(i.USART1_IRQHandler) refers to stm32f10x_usart.o(i.USART_ReceiveData) for USART_ReceiveData
    usart.o(i.USART1_IRQHandler) refers to ring_buffer.o(i.RingBuffer_Push) for RingBuffer_Push
    usart.o(i.USART1_IRQHandler) refers to usart.o(.bss) for usart1
    usart.o(i.USART2_IRQHandler) refers to stm32f10x_usart.o(i.USART_GetITStatus) for USART_GetITStatus
    usart.o(i.USART2_IRQHandler) refers to stm32f10x_usart.o(i.USART_ReceiveData) for USART_ReceiveData
    usart.o(i.USART2_IRQHandler) refers to ring_buffer.o(i.RingBuffer_Push) for RingBuffer_Push
    usart.o(i.USART2_IRQHandler) refers to usart.o(.bss) for usart2
    usart.o(i.USART3_IRQHandler) refers to stm32f10x_usart.o(i.USART_GetITStatus) for USART_GetITStatus
    usart.o(i.USART3_IRQHandler) refers to stm32f10x_usart.o(i.USART_ReceiveData) for USART_ReceiveData
    usart.o(i.USART3_IRQHandler) refers to ring_buffer.o(i.RingBuffer_Push) for RingBuffer_Push
    usart.o(i.USART3_IRQHandler) refers to usart.o(.bss) for usart3
    usart.o(i.Usart_Init) refers to ring_buffer.o(i.RingBuffer_Init) for RingBuffer_Init
    usart.o(i.Usart_Init) refers to stm32f10x_rcc.o(i.RCC_APB2PeriphClockCmd) for RCC_APB2PeriphClockCmd
    usart.o(i.Usart_Init) refers to stm32f10x_gpio.o(i.GPIO_Init) for GPIO_Init
    usart.o(i.Usart_Init) refers to misc.o(i.NVIC_PriorityGroupConfig) for NVIC_PriorityGroupConfig
    usart.o(i.Usart_Init) refers to misc.o(i.NVIC_Init) for NVIC_Init
    usart.o(i.Usart_Init) refers to stm32f10x_usart.o(i.USART_Init) for USART_Init
    usart.o(i.Usart_Init) refers to stm32f10x_usart.o(i.USART_ITConfig) for USART_ITConfig
    usart.o(i.Usart_Init) refers to stm32f10x_usart.o(i.USART_Cmd) for USART_Cmd
    usart.o(i.Usart_Init) refers to stm32f10x_rcc.o(i.RCC_APB1PeriphClockCmd) for RCC_APB1PeriphClockCmd
    usart.o(i.Usart_Init) refers to usart.o(.bss) for usart1
    usart.o(i.Usart_SendAll) refers to ring_buffer.o(i.RingBuffer_Pop) for RingBuffer_Pop
    usart.o(i.Usart_SendAll) refers to usart.o(i.Usart_SendByte) for Usart_SendByte
    usart.o(i.Usart_SendAll) refers to ring_buffer.o(i.RingBuffer_GetByteUsed) for RingBuffer_GetByteUsed
    usart.o(i.Usart_SendByte) refers to stm32f10x_usart.o(i.USART_SendData) for USART_SendData
    usart.o(i.Usart_SendByte) refers to stm32f10x_usart.o(i.USART_GetFlagStatus) for USART_GetFlagStatus
[...]
    mallocr.o(i.__malloc$realloc) refers to mvars.o(.data) for __microlib_freelist
    mallocr.o(i.internal_alloc) refers to memcpya.o(.text) for __aeabi_memcpy
    mallocr.o(i.internal_alloc) refers to mvars.o(.data) for __microlib_freelist
    mallocr.o(i.realloc) refers to mallocr.o(i.__free$realloc) for __free$realloc
    mallocr.o(i.realloc) refers to mallocr.o(i.internal_alloc) for internal_alloc
    mallocr.o(i.realloc) refers to mallocr.o(i.__malloc$realloc) for __malloc$realloc
    mallocr.o(i.realloc) refers to mvars.o(.data) for __microlib_freelist
    malloca.o(i.__aligned_malloc) refers to mvars.o(.data) for __microlib_freelist_initialised
    malloca.o(i.__aligned_malloc) refers to mvars.o(.data) for __microlib_freelist
    malloca.o(i.__aligned_malloc) refers to startup_stm32f10x_md.o(HEAP) for __heap_base
    malloca.o(i.__free$memalign) refers to mvars.o(.data) for __microlib_freelist
    malloca.o(i.__malloc$memalign) refers to malloca.o(i.__aligned_malloc) for __aligned_malloc
    mallocra.o(i.__aligned_malloc$realloc) refers to mallocra.o(i.internal_alloc) for internal_alloc
    mallocra.o(i.__aligned_malloc$realloc) refers to mvars.o(.data) for __microlib_freelist_initialised
    mallocra.o(i.__aligned_malloc$realloc) refers to startup_stm32f10x_md.o(HEAP) for __heap_base
    mallocra.o(i.__aligned_malloc$realloc) refers to mvars.o(.data) for __microlib_freelist
    mallocra.o(i.__free$realloc$memalign) refers to mvars.o(.data) for __microlib_freelist
    mallocra.o(i.__malloc$realloc$memalign) refers to mallocra.o(i.__aligned_malloc$realloc) for __aligned_malloc$realloc
    mallocra.o(i.__realloc$memalign) refers to mallocra.o(i.__free$realloc$memalign) for __free$realloc$memalign
    mallocra.o(i.__realloc$memalign) refers to mallocra.o(i.internal_alloc) for internal_alloc
    mallocra.o(i.__realloc$memalign) refers to mallocra.o(i.__malloc$realloc$memalign) for __malloc$realloc$memalign
    mallocra.o(i.__realloc$memalign) refers to mvars.o(.data) for __microlib_freelist
    mallocra.o(i.internal_alloc) refers to memcpya.o(.text) for __aeabi_memcpy
    mallocra.o(i.internal_alloc) refers to mvars.o(.data) for __microlib_freelist
    fadd.o(.text) refers (Special) to iusefp.o(.text) for __I$use$fp
    fadd.o(.text) refers to fepilogue.o(.text) for _float_epilogue
    fmul.o(.text) refers (Special) to iusefp.o(.text) for __I$use$fp
    fdiv.o(.text) refers (Special) to iusefp.o(.text) for __I$use$fp
    fdiv.o(.text) refers to fepilogue.o(.text) for _float_round
    dadd.o(.text) refers (Special) to iusefp.o(.text) for __I$use$fp
    dadd.o(.text) refers to llshl.o(.text) for __aeabi_llsl
    dadd.o(.text) refers to llsshr.o(.text) for __aeabi_lasr
    dadd.o(.text) refers to depilogue.o(.text) for _double_epilogue
    dmul.o(.text) refers (Special) to iusefp.o(.text) for __I$use$fp
    dmul.o(.text) refers to depilogue.o(.text) for _double_epilogue
    ddiv.o(.text) refers (Special) to iusefp.o(.text) for __I$use$fp
    ddiv.o(.text) refers to depilogue.o(.text) for _double_round
    dflti.o(.text) refers (Special) to iusefp.o(.text) for __I$use$fp
    dflti.o(.text) refers to depilogue.o(.text) for _double_epilogue
    dfltui.o(.text) refers (Special) to iusefp.o(.text) for __I$use$fp
    dfltui.o(.text) refers to depilogue.o(.text) for _double_epilogue
    ffixi.o(.text) refers (Special) to iusefp.o(.text) for __I$use$fp
    dfixui.o(.text) refers (Special) to iusefp.o(.text) for __I$use$fp
    dfixui.o(.text) refers to llushr.o(.text) for __aeabi_llsr
    f2d.o(.text) refers (Special) to iusefp.o(.text) for __I$use$fp
    cdcmple.o(.text) refers (Special) to iusefp.o(.text) for __I$use$fp
    d2f.o(.text) refers (Special) to iusefp.o(.text) for __I$use$fp
    d2f.o(.text) refers to fepilogue.o(.text) for _float_round
    cfcmple.o(.text) refers (Special) to iusefp.o(.text) for __I$use$fp
    cfrcmple.o(.text) refers (Special) to iusefp.o(.text) for __I$use$fp
    entry2.o(.ARM.Collect$$$$00000001) refers to entry2.o(.ARM.Collect$$$$00002712) for __lit__00000000
    entry2.o(.ARM.Collect$$$$00002712) refers to startup_stm32f10x_md.o(STACK) for __initial_sp
    entry2.o(__vectab_stack_and_reset_area) refers to startup_stm32f10x_md.o(STACK) for __initial_sp
    entry2.o(__vectab_stack_and_reset_area) refers to entry.o(.ARM.Collect$$$$00000000) for __main
    entry5.o(.ARM.Collect$$$$00000004) refers to init.o(.text) for __scatterload
    entry9a.o(.ARM.Collect$$$$0000000B) refers to main.o(i.main) for main
    entry9b.o(.ARM.Collect$$$$0000000C) refers to main.o(i.main) for main
    uldiv.o(.text) refers to llushr.o(.text) for __aeabi_llsr
    uldiv.o(.text) refers to llshl.o(.text) for __aeabi_llsl
    depilogue.o(.text) refers to llshl.o(.text) for __aeabi_llsl
    depilogue.o(.text) refers to llushr.o(.text) for __aeabi_llsr
    dfixul.o(.text) refers to llushr.o(.text) for __aeabi_llsr
    dfixul.o(.text) refers to llshl.o(.text) for __aeabi_llsl
    init.o(.text) refers to entry5.o(.ARM.Collect$$$$00000004) for __main_after_scatterload


==============================================================================

Removing Unused input sections from the image.

    Removing usart.o(i.Usart_SendByteArr), (34 bytes).
    Removing usart.o(i.Usart_SendString), (30 bytes).
    Removing ring_buffer.o(i.RingBuffer_ReadByteArray), (30 bytes).
    Removing ring_buffer.o(i.RingBuffer_ReadFloat), (20 bytes).
    Removing ring_buffer.o(i.RingBuffer_ReadLong), (20 bytes).
    Removing ring_buffer.o(i.RingBuffer_ReadShort), (22 bytes).
    Removing ring_buffer.o(i.RingBuffer_ReadULong), (20 bytes).
    Removing ring_buffer.o(i.RingBuffer_ReadUShort), (22 bytes).
    Removing ring_buffer.o(i.RingBuffer_Reset), (8 bytes).
    Removing ring_buffer.o(i.RingBuffer_WriteFloat), (18 bytes).
    Removing ring_buffer.o(i.RingBuffer_WriteLong), (18 bytes).
    Removing ring_buffer.o(i.RingBuffer_WriteULong), (18 bytes).
    Removing sys_tick.o(i.SysTick_DelayS), (18 bytes).
    Removing sys_tick.o(i.SysTick_DelayUs), (76 bytes).
    Removing fashion_star_uart_servo.o(i.FSUS_DampingMode), (60 bytes).
    Removing fashion_star_uart_servo.o(i.FSUS_IsValidResponsePackage), (60 bytes).
    Removing fashion_star_uart_servo.o(i.FSUS_Ping), (52 bytes).
    Removing fashion_star_uart_servo.o(i.FSUS_ReadData), (88 bytes).
    Removing fashion_star_uart_servo.o(i.FSUS_ResetUserData), (54 bytes).
    Removing fashion_star_uart_servo.o(i.FSUS_RingBuffer2Package), (66 bytes).
    Removing fashion_star_uart_servo.o(i.FSUS_WheelKeepMove), (40 bytes).
    Removing fashion_star_uart_servo.o(i.FSUS_WheelMove), (86 bytes).
    Removing fashion_star_uart_servo.o(i.FSUS_WheelMoveNCircle), (44 bytes).
    Removing fashion_star_uart_servo.o(i.FSUS_WheelMoveTime), (44 bytes).
    Removing fashion_star_uart_servo.o(i.FSUS_WheelStop), (34 bytes).
    Removing fashion_star_uart_servo.o(i.FSUS_WriteData), (110 bytes).
    Removing gimbal.o(i.Gimbal_Wait), (120 bytes).
    Removing button.o(i.Button_EXTI), (108 bytes).
    Removing button.o(i.Button_GPIO), (72 bytes).
    Removing button.o(i.Button_Init), (24 bytes).
    Removing button.o(i.Button_NVIC), (60 bytes).
    Removing misc.o(i.NVIC_SetVectorTable), (20 bytes).
    Removing misc.o(i.NVIC_SystemLPConfig), (32 bytes).
    Removing misc.o(i.SysTick_CLKSourceConfig), (40 bytes).
    Removing stm32f10x_dbgmcu.o(i.DBGMCU_Config), (32 bytes).
    Removing stm32f10x_dbgmcu.o(i.DBGMCU_GetDEVID), (16 bytes).
    Removing stm32f10x_dbgmcu.o(i.DBGMCU_GetREVID), (12 bytes).
    Removing stm32f10x_dma.o(i.DMA_ClearFlag), (28 bytes).
    Removing stm32f10x_dma.o(i.DMA_ClearITPendingBit), (28 bytes).
    Removing stm32f10x_dma.o(i.DMA_Cmd), (24 bytes).
    Removing stm32f10x_dma.o(i.DMA_DeInit), (332 bytes).
    Removing stm32f10x_dma.o(i.DMA_GetCurrDataCounter), (8 bytes).
    Removing stm32f10x_dma.o(i.DMA_GetFlagStatus), (44 bytes).
    Removing stm32f10x_dma.o(i.DMA_GetITStatus), (44 bytes).
    Removing stm32f10x_dma.o(i.DMA_ITConfig), (18 bytes).
    Removing stm32f10x_dma.o(i.DMA_Init), (60 bytes).
    Removing stm32f10x_dma.o(i.DMA_SetCurrDataCounter), (4 bytes).
    Removing stm32f10x_dma.o(i.DMA_StructInit), (26 bytes).
    Removing stm32f10x_exti.o(i.EXTI_ClearFlag), (12 bytes).
    Removing stm32f10x_exti.o(i.EXTI_DeInit), (36 bytes).
    Removing stm32f10x_exti.o(i.EXTI_GenerateSWInterrupt), (16 bytes).
    Removing stm32f10x_exti.o(i.EXTI_GetFlagStatus), (24 bytes).
    Removing stm32f10x_exti.o(i.EXTI_Init), (148 bytes).
    Removing stm32f10x_exti.o(i.EXTI_StructInit), (16 bytes).
    Removing stm32f10x_flash.o(i.FLASH_ClearFlag), (12 bytes).
    Removing stm32f10x_flash.o(i.FLASH_EnableWriteProtection), (196 bytes).
    Removing stm32f10x_flash.o(i.FLASH_EraseAllBank1Pages), (72 bytes).
    Removing stm32f10x_flash.o(i.FLASH_EraseAllPages), (72 bytes).
    Removing stm32f10x_flash.o(i.FLASH_EraseOptionBytes), (168 bytes).
    Removing stm32f10x_flash.o(i.FLASH_ErasePage), (76 bytes).
    Removing stm32f10x_flash.o(i.FLASH_GetBank1Status), (52 bytes).
    Removing stm32f10x_flash.o(i.FLASH_GetFlagStatus), (48 bytes).
    Removing stm32f10x_flash.o(i.FLASH_GetPrefetchBufferStatus), (24 bytes).
    Removing stm32f10x_flash.o(i.FLASH_GetReadOutProtectionStatus), (24 bytes).
    Removing stm32f10x_flash.o(i.FLASH_GetStatus), (52 bytes).
    Removing stm32f10x_flash.o(i.FLASH_GetUserOptionByte), (12 bytes).
    Removing stm32f10x_flash.o(i.FLASH_GetWriteProtectionOptionByte), (12 bytes).
    Removing stm32f10x_flash.o(i.FLASH_HalfCycleAccessCmd), (28 bytes).
    Removing stm32f10x_flash.o(i.FLASH_ITConfig), (32 bytes).
    Removing stm32f10x_flash.o(i.FLASH_Lock), (20 bytes).
    Removing stm32f10x_flash.o(i.FLASH_LockBank1), (20 bytes).
    Removing stm32f10x_flash.o(i.FLASH_PrefetchBufferCmd), (28 bytes).
    Removing stm32f10x_flash.o(i.FLASH_ProgramHalfWord), (64 bytes).
    Removing stm32f10x_flash.o(i.FLASH_ProgramOptionByteData), (84 bytes).
    Removing stm32f10x_flash.o(i.FLASH_ProgramWord), (108 bytes).
    Removing stm32f10x_flash.o(i.FLASH_ReadOutProtection), (172 bytes).
    Removing stm32f10x_flash.o(i.FLASH_SetLatency), (24 bytes).
    Removing stm32f10x_flash.o(i.FLASH_Unlock), (24 bytes).
    Removing stm32f10x_flash.o(i.FLASH_UnlockBank1), (24 bytes).
    Removing stm32f10x_flash.o(i.FLASH_UserOptionByteConfig), (104 bytes).
    Removing stm32f10x_flash.o(i.FLASH_WaitForLastBank1Operation), (38 bytes).
    Removing stm32f10x_flash.o(i.FLASH_WaitForLastOperation), (38 bytes).
    Removing stm32f10x_gpio.o(i.GPIO_AFIODeInit), (20 bytes).
    Removing stm32f10x_gpio.o(i.GPIO_DeInit), (200 bytes).
    Removing stm32f10x_gpio.o(i.GPIO_ETH_MediaInterfaceConfig), (12 bytes).
    Removing stm32f10x_gpio.o(i.GPIO_EXTILineConfig), (64 bytes).
    Removing stm32f10x_gpio.o(i.GPIO_EventOutputCmd), (12 bytes).
    Removing stm32f10x_gpio.o(i.GPIO_EventOutputConfig), (32 bytes).
    Removing stm32f10x_gpio.o(i.GPIO_PinLockConfig), (18 bytes).
    Removing stm32f10x_gpio.o(i.GPIO_PinRemapConfig), (144 bytes).
    Removing stm32f10x_gpio.o(i.GPIO_ReadInputData), (8 bytes).
    Removing stm32f10x_gpio.o(i.GPIO_ReadInputDataBit), (18 bytes).
    Removing stm32f10x_gpio.o(i.GPIO_ReadOutputData), (8 bytes).
    Removing stm32f10x_gpio.o(i.GPIO_ReadOutputDataBit), (18 bytes).
    Removing stm32f10x_gpio.o(i.GPIO_ResetBits), (4 bytes).
    Removing stm32f10x_gpio.o(i.GPIO_SetBits), (4 bytes).
    Removing stm32f10x_gpio.o(i.GPIO_StructInit), (16 bytes).
    Removing stm32f10x_gpio.o(i.GPIO_Write), (4 bytes).
    Removing stm32f10x_gpio.o(i.GPIO_WriteBit), (10 bytes).
    Removing stm32f10x_i2c.o(i.I2C_ARPCmd), (24 bytes).
    Removing stm32f10x_i2c.o(i.I2C_AcknowledgeConfig), (24 bytes).
    Removing stm32f10x_i2c.o(i.I2C_CalculatePEC), (24 bytes).
    Removing stm32f10x_i2c.o(i.I2C_CheckEvent), (42 bytes).
    Removing stm32f10x_i2c.o(i.I2C_ClearFlag), (12 bytes).
    Removing stm32f10x_i2c.o(i.I2C_ClearITPendingBit), (12 bytes).
    Removing stm32f10x_i2c.o(i.I2C_Cmd), (24 bytes).
    Removing stm32f10x_i2c.o(i.I2C_DMACmd), (24 bytes).
    Removing stm32f10x_i2c.o(i.I2C_DMALastTransferCmd), (24 bytes).
    Removing stm32f10x_i2c.o(i.I2C_DeInit), (56 bytes).
    Removing stm32f10x_i2c.o(i.I2C_DualAddressCmd), (24 bytes).
    Removing stm32f10x_i2c.o(i.I2C_FastModeDutyCycleConfig), (28 bytes).
    Removing stm32f10x_i2c.o(i.I2C_GeneralCallCmd), (24 bytes).
    Removing stm32f10x_i2c.o(i.I2C_GenerateSTART), (24 bytes).
    Removing stm32f10x_i2c.o(i.I2C_GenerateSTOP), (24 bytes).
    Removing stm32f10x_i2c.o(i.I2C_GetFlagStatus), (58 bytes).
    Removing stm32f10x_i2c.o(i.I2C_GetITStatus), (38 bytes).
    Removing stm32f10x_i2c.o(i.I2C_GetLastEvent), (26 bytes).
    Removing stm32f10x_i2c.o(i.I2C_GetPEC), (8 bytes).
    Removing stm32f10x_i2c.o(i.I2C_ITConfig), (18 bytes).
    Removing stm32f10x_i2c.o(i.I2C_Init), (236 bytes).
    Removing stm32f10x_i2c.o(i.I2C_NACKPositionConfig), (28 bytes).
    Removing stm32f10x_i2c.o(i.I2C_OwnAddress2Config), (22 bytes).
    Removing stm32f10x_i2c.o(i.I2C_PECPositionConfig), (28 bytes).
    Removing stm32f10x_i2c.o(i.I2C_ReadRegister), (22 bytes).
    Removing stm32f10x_i2c.o(i.I2C_ReceiveData), (8 bytes).
    Removing stm32f10x_i2c.o(i.I2C_SMBusAlertConfig), (28 bytes).
    Removing stm32f10x_i2c.o(i.I2C_Send7bitAddress), (18 bytes).
    Removing stm32f10x_i2c.o(i.I2C_SendData), (4 bytes).
    Removing stm32f10x_i2c.o(i.I2C_SoftwareResetCmd), (22 bytes).
    Removing stm32f10x_i2c.o(i.I2C_StretchClockCmd), (24 bytes).
    Removing stm32f10x_i2c.o(i.I2C_StructInit), (30 bytes).
    Removing stm32f10x_i2c.o(i.I2C_TransmitPEC), (24 bytes).
    Removing stm32f10x_rcc.o(i.RCC_ADCCLKConfig), (24 bytes).
    Removing stm32f10x_rcc.o(i.RCC_AHBPeriphClockCmd), (32 bytes).
    Removing stm32f10x_rcc.o(i.RCC_APB1PeriphResetCmd), (32 bytes).
    Removing stm32f10x_rcc.o(i.RCC_APB2PeriphResetCmd), (32 bytes).
    Removing stm32f10x_rcc.o(i.RCC_AdjustHSICalibrationValue), (24 bytes).
    Removing stm32f10x_rcc.o(i.RCC_BackupResetCmd), (12 bytes).
    Removing stm32f10x_rcc.o(i.RCC_ClearFlag), (20 bytes).
    Removing stm32f10x_rcc.o(i.RCC_ClearITPendingBit), (12 bytes).
    Removing stm32f10x_rcc.o(i.RCC_ClockSecuritySystemCmd), (12 bytes).
    Removing stm32f10x_rcc.o(i.RCC_DeInit), (76 bytes).
    Removing stm32f10x_rcc.o(i.RCC_GetFlagStatus), (60 bytes).
    Removing stm32f10x_rcc.o(i.RCC_GetITStatus), (24 bytes).
    Removing stm32f10x_rcc.o(i.RCC_GetSYSCLKSource), (16 bytes).
    Removing stm32f10x_rcc.o(i.RCC_HCLKConfig), (24 bytes).
    Removing stm32f10x_rcc.o(i.RCC_HSEConfig), (76 bytes).
    Removing stm32f10x_rcc.o(i.RCC_HSICmd), (12 bytes).
    Removing stm32f10x_rcc.o(i.RCC_ITConfig), (32 bytes).
    Removing stm32f10x_rcc.o(i.RCC_LSEConfig), (52 bytes).
    Removing stm32f10x_rcc.o(i.RCC_LSICmd), (12 bytes).
    Removing stm32f10x_rcc.o(i.RCC_MCOConfig), (12 bytes).
    Removing stm32f10x_rcc.o(i.RCC_PCLK1Config), (24 bytes).
    Removing stm32f10x_rcc.o(i.RCC_PCLK2Config), (24 bytes).
    Removing stm32f10x_rcc.o(i.RCC_PLLCmd), (12 bytes).
    Removing stm32f10x_rcc.o(i.RCC_PLLConfig), (28 bytes).
    Removing stm32f10x_rcc.o(i.RCC_RTCCLKCmd), (12 bytes).
    Removing stm32f10x_rcc.o(i.RCC_RTCCLKConfig), (16 bytes).
    Removing stm32f10x_rcc.o(i.RCC_SYSCLKConfig), (24 bytes).
    Removing stm32f10x_rcc.o(i.RCC_USBCLKConfig), (12 bytes).
    Removing stm32f10x_rcc.o(i.RCC_WaitForHSEStartUp), (56 bytes).
    Removing stm32f10x_rtc.o(i.RTC_ClearFlag), (16 bytes).
    Removing stm32f10x_rtc.o(i.RTC_ClearITPendingBit), (16 bytes).
    Removing stm32f10x_rtc.o(i.RTC_EnterConfigMode), (20 bytes).
    Removing stm32f10x_rtc.o(i.RTC_ExitConfigMode), (20 bytes).
    Removing stm32f10x_rtc.o(i.RTC_GetCounter), (20 bytes).
    Removing stm32f10x_rtc.o(i.RTC_GetDivider), (24 bytes).
    Removing stm32f10x_rtc.o(i.RTC_GetFlagStatus), (24 bytes).
    Removing stm32f10x_rtc.o(i.RTC_GetITStatus), (36 bytes).
    Removing stm32f10x_rtc.o(i.RTC_ITConfig), (32 bytes).
    Removing stm32f10x_rtc.o(i.RTC_SetAlarm), (28 bytes).
    Removing stm32f10x_rtc.o(i.RTC_SetCounter), (28 bytes).
    Removing stm32f10x_rtc.o(i.RTC_SetPrescaler), (32 bytes).
    Removing stm32f10x_rtc.o(i.RTC_WaitForLastTask), (20 bytes).
    Removing stm32f10x_rtc.o(i.RTC_WaitForSynchro), (36 bytes).
    Removing stm32f10x_tim.o(i.TI1_Config), (128 bytes).
    Removing stm32f10x_tim.o(i.TI2_Config), (152 bytes).
    Removing stm32f10x_tim.o(i.TI3_Config), (144 bytes).
    Removing stm32f10x_tim.o(i.TI4_Config), (152 bytes).
    Removing stm32f10x_tim.o(i.TIM_ARRPreloadConfig), (24 bytes).
    Removing stm32f10x_tim.o(i.TIM_BDTRConfig), (32 bytes).
    Removing stm32f10x_tim.o(i.TIM_BDTRStructInit), (18 bytes).
    Removing stm32f10x_tim.o(i.TIM_CCPreloadControl), (24 bytes).
    Removing stm32f10x_tim.o(i.TIM_CCxCmd), (30 bytes).
    Removing stm32f10x_tim.o(i.TIM_CCxNCmd), (30 bytes).
    Removing stm32f10x_tim.o(i.TIM_ClearFlag), (6 bytes).
    Removing stm32f10x_tim.o(i.TIM_ClearITPendingBit), (6 bytes).
    Removing stm32f10x_tim.o(i.TIM_ClearOC1Ref), (18 bytes).
    Removing stm32f10x_tim.o(i.TIM_ClearOC2Ref), (24 bytes).
    Removing stm32f10x_tim.o(i.TIM_ClearOC3Ref), (18 bytes).
    Removing stm32f10x_tim.o(i.TIM_ClearOC4Ref), (24 bytes).
    Removing stm32f10x_tim.o(i.TIM_Cmd), (24 bytes).
    Removing stm32f10x_tim.o(i.TIM_CounterModeConfig), (18 bytes).
    Removing stm32f10x_tim.o(i.TIM_CtrlPWMOutputs), (30 bytes).
    Removing stm32f10x_tim.o(i.TIM_DMACmd), (18 bytes).
    Removing stm32f10x_tim.o(i.TIM_DMAConfig), (10 bytes).
    Removing stm32f10x_tim.o(i.TIM_DeInit), (488 bytes).
    Removing stm32f10x_tim.o(i.TIM_ETRClockMode1Config), (54 bytes).
    Removing stm32f10x_tim.o(i.TIM_ETRClockMode2Config), (32 bytes).
    Removing stm32f10x_tim.o(i.TIM_ETRConfig), (28 bytes).
    Removing stm32f10x_tim.o(i.TIM_EncoderInterfaceConfig), (66 bytes).
    Removing stm32f10x_tim.o(i.TIM_ForcedOC1Config), (18 bytes).
    Removing stm32f10x_tim.o(i.TIM_ForcedOC2Config), (26 bytes).
    Removing stm32f10x_tim.o(i.TIM_ForcedOC3Config), (18 bytes).
    Removing stm32f10x_tim.o(i.TIM_ForcedOC4Config), (26 bytes).
    Removing stm32f10x_tim.o(i.TIM_GenerateEvent), (4 bytes).
    Removing stm32f10x_tim.o(i.TIM_GetCapture1), (6 bytes).
    Removing stm32f10x_tim.o(i.TIM_GetCapture2), (6 bytes).
    Removing stm32f10x_tim.o(i.TIM_GetCapture3), (6 bytes).
    Removing stm32f10x_tim.o(i.TIM_GetCapture4), (8 bytes).
    Removing stm32f10x_tim.o(i.TIM_GetCounter), (6 bytes).
    Removing stm32f10x_tim.o(i.TIM_GetFlagStatus), (18 bytes).
    Removing stm32f10x_tim.o(i.TIM_GetITStatus), (34 bytes).
    Removing stm32f10x_tim.o(i.TIM_GetPrescaler), (6 bytes).
    Removing stm32f10x_tim.o(i.TIM_ICInit), (172 bytes).
    Removing stm32f10x_tim.o(i.TIM_ICStructInit), (18 bytes).
    Removing stm32f10x_tim.o(i.TIM_ITConfig), (18 bytes).
    Removing stm32f10x_tim.o(i.TIM_ITRxExternalClockConfig), (24 bytes).
    Removing stm32f10x_tim.o(i.TIM_InternalClockConfig), (12 bytes).
    Removing stm32f10x_tim.o(i.TIM_OC1FastConfig), (18 bytes).
    Removing stm32f10x_tim.o(i.TIM_OC1Init), (152 bytes).
    Removing stm32f10x_tim.o(i.TIM_OC1NPolarityConfig), (18 bytes).
    Removing stm32f10x_tim.o(i.TIM_OC1PolarityConfig), (18 bytes).
    Removing stm32f10x_tim.o(i.TIM_OC1PreloadConfig), (18 bytes).
    Removing stm32f10x_tim.o(i.TIM_OC2FastConfig), (26 bytes).
    Removing stm32f10x_tim.o(i.TIM_OC2Init), (164 bytes).
    Removing stm32f10x_tim.o(i.TIM_OC2NPolarityConfig), (26 bytes).
    Removing stm32f10x_tim.o(i.TIM_OC2PolarityConfig), (26 bytes).
    Removing stm32f10x_tim.o(i.TIM_OC2PreloadConfig), (26 bytes).
    Removing stm32f10x_tim.o(i.TIM_OC3FastConfig), (18 bytes).
    Removing stm32f10x_tim.o(i.TIM_OC3Init), (160 bytes).
    Removing stm32f10x_tim.o(i.TIM_OC3NPolarityConfig), (26 bytes).
    Removing stm32f10x_tim.o(i.TIM_OC3PolarityConfig), (26 bytes).
    Removing stm32f10x_tim.o(i.TIM_OC3PreloadConfig), (18 bytes).
    Removing stm32f10x_tim.o(i.TIM_OC4FastConfig), (26 bytes).
    Removing stm32f10x_tim.o(i.TIM_OC4Init), (124 bytes).
    Removing stm32f10x_tim.o(i.TIM_OC4PolarityConfig), (26 bytes).
    Removing stm32f10x_tim.o(i.TIM_OC4PreloadConfig), (26 bytes).
    Removing stm32f10x_tim.o(i.TIM_OCStructInit), (20 bytes).
    Removing stm32f10x_tim.o(i.TIM_PWMIConfig), (124 bytes).
    Removing stm32f10x_tim.o(i.TIM_PrescalerConfig), (6 bytes).
    Removing stm32f10x_tim.o(i.TIM_SelectCCDMA), (24 bytes).
    Removing stm32f10x_tim.o(i.TIM_SelectCOM), (24 bytes).
    Removing stm32f10x_tim.o(i.TIM_SelectHallSensor), (24 bytes).
    Removing stm32f10x_tim.o(i.TIM_SelectInputTrigger), (18 bytes).
    Removing stm32f10x_tim.o(i.TIM_SelectMasterSlaveMode), (18 bytes).
    Removing stm32f10x_tim.o(i.TIM_SelectOCxM), (82 bytes).
    Removing stm32f10x_tim.o(i.TIM_SelectOnePulseMode), (18 bytes).
    Removing stm32f10x_tim.o(i.TIM_SelectOutputTrigger), (18 bytes).
    Removing stm32f10x_tim.o(i.TIM_SelectSlaveMode), (18 bytes).
    Removing stm32f10x_tim.o(i.TIM_SetAutoreload), (4 bytes).
    Removing stm32f10x_tim.o(i.TIM_SetClockDivision), (18 bytes).
    Removing stm32f10x_tim.o(i.TIM_SetCompare1), (4 bytes).
    Removing stm32f10x_tim.o(i.TIM_SetCompare2), (4 bytes).
    Removing stm32f10x_tim.o(i.TIM_SetCompare3), (4 bytes).
    Removing stm32f10x_tim.o(i.TIM_SetCompare4), (6 bytes).
    Removing stm32f10x_tim.o(i.TIM_SetCounter), (4 bytes).
    Removing stm32f10x_tim.o(i.TIM_SetIC1Prescaler), (18 bytes).
    Removing stm32f10x_tim.o(i.TIM_SetIC2Prescaler), (26 bytes).
    Removing stm32f10x_tim.o(i.TIM_SetIC3Prescaler), (18 bytes).
    Removing stm32f10x_tim.o(i.TIM_SetIC4Prescaler), (26 bytes).
    Removing stm32f10x_tim.o(i.TIM_TIxExternalClockConfig), (62 bytes).
    Removing stm32f10x_tim.o(i.TIM_TimeBaseInit), (164 bytes).
    Removing stm32f10x_tim.o(i.TIM_TimeBaseStructInit), (18 bytes).
    Removing stm32f10x_tim.o(i.TIM_UpdateDisableConfig), (24 bytes).
    Removing stm32f10x_tim.o(i.TIM_UpdateRequestConfig), (24 bytes).
    Removing stm32f10x_usart.o(i.USART_ClearFlag), (18 bytes).
    Removing stm32f10x_usart.o(i.USART_ClearITPendingBit), (30 bytes).
    Removing stm32f10x_usart.o(i.USART_ClockInit), (34 bytes).
    Removing stm32f10x_usart.o(i.USART_ClockStructInit), (12 bytes).
    Removing stm32f10x_usart.o(i.USART_DMACmd), (18 bytes).
    Removing stm32f10x_usart.o(i.USART_DeInit), (156 bytes).
    Removing stm32f10x_usart.o(i.USART_HalfDuplexCmd), (24 bytes).
    Removing stm32f10x_usart.o(i.USART_IrDACmd), (24 bytes).
    Removing stm32f10x_usart.o(i.USART_IrDAConfig), (18 bytes).
    Removing stm32f10x_usart.o(i.USART_LINBreakDetectLengthConfig), (18 bytes).
    Removing stm32f10x_usart.o(i.USART_LINCmd), (24 bytes).
    Removing stm32f10x_usart.o(i.USART_OneBitMethodCmd), (24 bytes).
    Removing stm32f10x_usart.o(i.USART_OverSampling8Cmd), (22 bytes).
    Removing stm32f10x_usart.o(i.USART_ReceiverWakeUpCmd), (24 bytes).
    Removing stm32f10x_usart.o(i.USART_SendBreak), (10 bytes).
    Removing stm32f10x_usart.o(i.USART_SetAddress), (18 bytes).
    Removing stm32f10x_usart.o(i.USART_SetGuardTime), (16 bytes).
    Removing stm32f10x_usart.o(i.USART_SetPrescaler), (16 bytes).
    Removing stm32f10x_usart.o(i.USART_SmartCardCmd), (24 bytes).
    Removing stm32f10x_usart.o(i.USART_SmartCardNACKCmd), (24 bytes).
    Removing stm32f10x_usart.o(i.USART_StructInit), (24 bytes).
    Removing stm32f10x_usart.o(i.USART_WakeUpConfig), (18 bytes).
    Removing gpio_stm32f10x.o(i.GPIO_AFConfigure), (156 bytes).
    Removing gpio_stm32f10x.o(i.GPIO_GetPortClockState), (152 bytes).
    Removing gpio_stm32f10x.o(i.GPIO_PinConfigure), (120 bytes).
    Removing gpio_stm32f10x.o(i.GPIO_PortClock), (316 bytes).
    Removing startup_stm32f10x_md.o(HEAP), (512 bytes).
    Removing system_stm32f10x.o(i.SystemCoreClockUpdate), (164 bytes).

294 unused section(s) (total 12704 bytes) removed from the image.

==============================================================================

Image Symbol Table

    Local Symbols

    Symbol Name                              Value     Ov Type        Size  Object(Section)

    ../clib/microlib/division.c              0x00000000   Number         0  uldiv.o ABSOLUTE
    ../clib/microlib/division.c              0x00000000   Number         0  uidiv.o ABSOLUTE
    ../clib/microlib/init/entry.s            0x00000000   Number         0  entry9a.o ABSOLUTE
    ../clib/microlib/init/entry.s            0x00000000   Number         0  entry10a.o ABSOLUTE
    ../clib/microlib/init/entry.s            0x00000000   Number         0  entry9b.o ABSOLUTE
    ../clib/microlib/init/entry.s            0x00000000   Number         0  entry7a.o ABSOLUTE
    ../clib/microlib/init/entry.s            0x00000000   Number         0  entry2.o ABSOLUTE
    ../clib/microlib/init/entry.s            0x00000000   Number         0  entry5.o ABSOLUTE
    ../clib/microlib/init/entry.s            0x00000000   Number         0  entry11b.o ABSOLUTE
    ../clib/microlib/init/entry.s            0x00000000   Number         0  entry8b.o ABSOLUTE
    ../clib/microlib/init/entry.s            0x00000000   Number         0  entry8a.o ABSOLUTE
    ../clib/microlib/init/entry.s            0x00000000   Number         0  entry.o ABSOLUTE
    ../clib/microlib/init/entry.s            0x00000000   Number         0  entry11a.o ABSOLUTE
    ../clib/microlib/init/entry.s            0x00000000   Number         0  entry10b.o ABSOLUTE
    ../clib/microlib/init/entry.s            0x00000000   Number         0  entry7b.o ABSOLUTE
    ../clib/microlib/longlong.c              0x00000000   Number         0  llsshr.o ABSOLUTE
    ../clib/microlib/longlong.c              0x00000000   Number         0  llushr.o ABSOLUTE
    ../clib/microlib/longlong.c              0x00000000   Number         0  llshl.o ABSOLUTE
    ../clib/microlib/malloc/malloc.c         0x00000000   Number         0  malloca.o ABSOLUTE
    ../clib/microlib/malloc/malloc.c         0x00000000   Number         0  mallocra.o ABSOLUTE
    ../clib/microlib/malloc/malloc.c         0x00000000   Number         0  malloc.o ABSOLUTE
    ../clib/microlib/malloc/malloc.c         0x00000000   Number         0  mallocr.o ABSOLUTE
    ../clib/microlib/malloc/mvars.c          0x00000000   Number         0  mvars.o ABSOLUTE
    ../clib/microlib/printf/printf.c         0x00000000   Number         0  printf0.o ABSOLUTE
    ../clib/microlib/printf/printf.c         0x00000000   Number         0  printfb.o ABSOLUTE
    ../clib/microlib/printf/printf.c         0x00000000   Number         0  printf7.o ABSOLUTE
    ../clib/microlib/printf/printf.c         0x00000000   Number         0  printfa.o ABSOLUTE
    ../clib/microlib/printf/printf.c         0x00000000   Number         0  printf8.o ABSOLUTE
    ../clib/microlib/printf/printf.c         0x00000000   Number         0  printf6.o ABSOLUTE
    ../clib/microlib/printf/printf.c         0x00000000   Number         0  printf5.o ABSOLUTE
    ../clib/microlib/printf/printf.c         0x00000000   Number         0  printf4.o ABSOLUTE
    ../clib/microlib/printf/printf.c         0x00000000   Number         0  printf3.o ABSOLUTE
    ../clib/microlib/printf/printf.c         0x00000000   Number         0  printf2.o ABSOLUTE
    ../clib/microlib/printf/printf.c         0x00000000   Number         0  printf1.o ABSOLUTE
    ../clib/microlib/printf/stubs.s          0x00000000   Number         0  stubs.o ABSOLUTE
    ../clib/microlib/stdio/streams.c         0x00000000   Number         0  stdout.o ABSOLUTE
    ../clib/microlib/string/memcpy.c         0x00000000   Number         0  memcpya.o ABSOLUTE
    ../clib/microlib/string/memcpy.c         0x00000000   Number         0  memcpyb.o ABSOLUTE
    ../clib/microlib/stubs.s                 0x00000000   Number         0  iusefp.o ABSOLUTE
    ../fplib/microlib/d2f.c                  0x00000000   Number         0  d2f.o ABSOLUTE
    ../fplib/microlib/f2d.c                  0x00000000   Number         0  f2d.o ABSOLUTE
    ../fplib/microlib/fpadd.c                0x00000000   Number         0  dadd.o ABSOLUTE
    ../fplib/microlib/fpadd.c                0x00000000   Number         0  fadd.o ABSOLUTE
    ../fplib/microlib/fpdiv.c                0x00000000   Number         0  ddiv.o ABSOLUTE
    ../fplib/microlib/fpdiv.c                0x00000000   Number         0  fdiv.o ABSOLUTE
    ../fplib/microlib/fpepilogue.c           0x00000000   Number         0  depilogue.o ABSOLUTE
    ../fplib/microlib/fpepilogue.c           0x00000000   Number         0  fepilogue.o ABSOLUTE
    ../fplib/microlib/fpfix.c                0x00000000   Number         0  dfixul.o ABSOLUTE
    ../fplib/microlib/fpfix.c                0x00000000   Number         0  dfixui.o ABSOLUTE
    ../fplib/microlib/fpfix.c                0x00000000   Number         0  ffixi.o ABSOLUTE
    ../fplib/microlib/fpflt.c                0x00000000   Number         0  dfltui.o ABSOLUTE
    ../fplib/microlib/fpflt.c                0x00000000   Number         0  dflti.o ABSOLUTE
    ../fplib/microlib/fpmul.c                0x00000000   Number         0  fmul.o ABSOLUTE
    ../fplib/microlib/fpmul.c                0x00000000   Number         0  dmul.o ABSOLUTE
    ..\User\button\button.c                  0x00000000   Number         0  button.o ABSOLUTE
    ..\User\fashion_star_uart_servo\fashion_star_uart_servo.c 0x00000000   Number         0  fashion_star_uart_servo.o ABSOLUTE
    ..\User\gimbal\gimbal.c                  0x00000000   Number         0  gimbal.o ABSOLUTE
    ..\User\main.c                           0x00000000   Number         0  main.o ABSOLUTE
    ..\User\ring_buffer\ring_buffer.c        0x00000000   Number         0  ring_buffer.o ABSOLUTE
    ..\User\sys_tick\sys_tick.c              0x00000000   Number         0  sys_tick.o ABSOLUTE
    ..\User\usart\usart.c                    0x00000000   Number         0  usart.o ABSOLUTE
    D:\Program Files\Keil\ARM\PACK\Keil\STM32F1xx_DFP\2.3.0\Device\StdPeriph_Driver\src\misc.c 0x00000000   Number         0  misc.o ABSOLUTE
    D:\Program Files\Keil\ARM\PACK\Keil\STM32F1xx_DFP\2.3.0\Device\StdPeriph_Driver\src\stm32f10x_dbgmcu.c 0x00000000   Number         0  stm32f10x_dbgmcu.o ABSOLUTE
    D:\Program Files\Keil\ARM\PACK\Keil\STM32F1xx_DFP\2.3.0\Device\StdPeriph_Driver\src\stm32f10x_dma.c 0x00000000   Number         0  stm32f10x_dma.o ABSOLUTE
    D:\Program Files\Keil\ARM\PACK\Keil\STM32F1xx_DFP\2.3.0\Device\StdPeriph_Driver\src\stm32f10x_exti.c 0x00000000   Number         0  stm32f10x_exti.o ABSOLUTE
    D:\Program Files\Keil\ARM\PACK\Keil\STM32F1xx_DFP\2.3.0\Device\StdPeriph_Driver\src\stm32f10x_flash.c 0x00000000   Number         0  stm32f10x_flash.o ABSOLUTE
    D:\Program Files\Keil\ARM\PACK\Keil\STM32F1xx_DFP\2.3.0\Device\StdPeriph_Driver\src\stm32f10x_gpio.c 0x00000000   Number         0  stm32f10x_gpio.o ABSOLUTE
    D:\Program Files\Keil\ARM\PACK\Keil\STM32F1xx_DFP\2.3.0\Device\StdPeriph_Driver\src\stm32f10x_i2c.c 0x00000000   Number         0  stm32f10x_i2c.o ABSOLUTE
    D:\Program Files\Keil\ARM\PACK\Keil\STM32F1xx_DFP\2.3.0\Device\StdPeriph_Driver\src\stm32f10x_rcc.c 0x00000000   Number         0  stm32f10x_rcc.o ABSOLUTE
    D:\Program Files\Keil\ARM\PACK\Keil\STM32F1xx_DFP\2.3.0\Device\StdPeriph_Driver\src\stm32f10x_rtc.c 0x00000000   Number         0  stm32f10x_rtc.o ABSOLUTE
    D:\Program Files\Keil\ARM\PACK\Keil\STM32F1xx_DFP\2.3.0\Device\StdPeriph_Driver\src\stm32f10x_tim.c 0x00000000   Number         0  stm32f10x_tim.o ABSOLUTE
    D:\Program Files\Keil\ARM\PACK\Keil\STM32F1xx_DFP\2.3.0\Device\StdPeriph_Driver\src\stm32f10x_usart.c 0x00000000   Number         0  stm32f10x_usart.o ABSOLUTE
    D:\Program Files\Keil\ARM\PACK\Keil\STM32F1xx_DFP\2.3.0\RTE_Driver\GPIO_STM32F10x.c 0x00000000   Number         0  gpio_stm32f10x.o ABSOLUTE
    RTE\Device\STM32F103C8\startup_stm32f10x_md.s 0x00000000   Number         0  startup_stm32f10x_md.o ABSOLUTE
    RTE\Device\STM32F103C8\system_stm32f10x.c 0x00000000   Number         0  system_stm32f10x.o ABSOLUTE
    cdcmple.s                                0x00000000   Number         0  cdcmple.o ABSOLUTE
    cdrcmple.s                               0x00000000   Number         0  cdrcmple.o ABSOLUTE
    cfcmple.s                                0x00000000   Number         0  cfcmple.o ABSOLUTE
    cfrcmple.s                               0x00000000   Number         0  cfrcmple.o ABSOLUTE
    dc.s                                     0x00000000   Number         0  dc.o ABSOLUTE
    handlers.s                               0x00000000   Number         0  handlers.o ABSOLUTE
    init.s                                   0x00000000   Number         0  init.o ABSOLUTE
    RESET                                    0x08000000   Section      236  startup_stm32f10x_md.o(RESET)
    .ARM.Collect$$$$00000000                 0x080000ec   Section        0  entry.o(.ARM.Collect$$$$00000000)
    .ARM.Collect$$$$00000001                 0x080000ec   Section        4  entry2.o(.ARM.Collect$$$$00000001)
    .ARM.Collect$$$$00000004                 0x080000f0   Section        4  entry5.o(.ARM.Collect$$$$00000004)
    .ARM.Collect$$$$00000008                 0x080000f4   Section        0  entry7b.o(.ARM.Collect$$$$00000008)
    .ARM.Collect$$$$0000000A                 0x080000f4   Section        0  entry8b.o(.ARM.Collect$$$$0000000A)
    .ARM.Collect$$$$0000000B                 0x080000f4   Section        8  entry9a.o(.ARM.Collect$$$$0000000B)
    .ARM.Collect$$$$0000000D                 0x080000fc   Section        0  entry10a.o(.ARM.Collect$$$$0000000D)
    .ARM.Collect$$$$0000000F                 0x080000fc   Section        0  entry11a.o(.ARM.Collect$$$$0000000F)
    .ARM.Collect$$$$00002712                 0x080000fc   Section        4  entry2.o(.ARM.Collect$$$$00002712)
    __lit__00000000                          0x080000fc   Data           4  entry2.o(.ARM.Collect$$$$00002712)
    .text                                    0x08000100   Section       36  startup_stm32f10x_md.o(.text)
    .text                                    0x08000124   Section        0  fadd.o(.text)
    .text                                    0x080001d4   Section        0  fmul.o(.text)
    .text                                    0x08000238   Section        0  fdiv.o(.text)
    .text                                    0x080002b4   Section        0  dadd.o(.text)
    .text                                    0x08000402   Section        0  dmul.o(.text)
    .text                                    0x080004e6   Section        0  ddiv.o(.text)
    .text                                    0x080005c4   Section        0  dflti.o(.text)
    .text                                    0x080005e6   Section        0  dfltui.o(.text)
    .text                                    0x08000600   Section        0  ffixi.o(.text)
    .text                                    0x08000632   Section        0  dfixui.o(.text)
    .text                                    0x08000664   Section        0  f2d.o(.text)
    .text                                    0x0800068c   Section       48  cdcmple.o(.text)
    .text                                    0x080006bc   Section        0  d2f.o(.text)
    .text                                    0x080006f4   Section       20  cfcmple.o(.text)
    .text                                    0x08000708   Section       20  cfrcmple.o(.text)
    .text                                    0x0800071c   Section        0  uidiv.o(.text)
    .text                                    0x08000748   Section        0  uldiv.o(.text)
    .text                                    0x080007aa   Section        0  llshl.o(.text)
    .text                                    0x080007c8   Section        0  llushr.o(.text)
    .text                                    0x080007e8   Section        0  llsshr.o(.text)
    .text                                    0x0800080c   Section        0  fepilogue.o(.text)
    .text                                    0x0800080c   Section        0  iusefp.o(.text)
    .text                                    0x0800087a   Section        0  depilogue.o(.text)
    .text                                    0x08000934   Section        0  dfixul.o(.text)
    .text                                    0x08000964   Section       48  cdrcmple.o(.text)
    .text                                    0x08000994   Section       36  init.o(.text)
    i.EXTI4_IRQHandler                       0x080009b8   Section        0  button.o(i.EXTI4_IRQHandler)
    i.EXTI9_5_IRQHandler                     0x080009fc   Section        0  button.o(i.EXTI9_5_IRQHandler)
    i.EXTI_ClearITPendingBit                 0x08000ab0   Section        0  stm32f10x_exti.o(i.EXTI_ClearITPendingBit)
    i.EXTI_GetITStatus                       0x08000abc   Section        0  stm32f10x_exti.o(i.EXTI_GetITStatus)
    i.FSUS_CalcChecksum                      0x08000ae4   Section        0  fashion_star_uart_servo.o(i.FSUS_CalcChecksum)
    i.FSUS_Package2RingBuffer                0x08000b16   Section        0  fashion_star_uart_servo.o(i.FSUS_Package2RingBuffer)
    i.FSUS_QueryServoAngle                   0x08000b50   Section        0  fashion_star_uart_servo.o(i.FSUS_QueryServoAngle)
    i.FSUS_RecvPackage                       0x08000bc0   Section        0  fashion_star_uart_servo.o(i.FSUS_RecvPackage)
    i.FSUS_SendPackage                       0x08000cf8   Section        0  fashion_star_uart_servo.o(i.FSUS_SendPackage)
    i.FSUS_SetServoAngle                     0x08000d38   Section        0  fashion_star_uart_servo.o(i.FSUS_SetServoAngle)
    i.GPIO_Init                              0x08000db0   Section        0  stm32f10x_gpio.o(i.GPIO_Init)
    i.GimbalYawPIDCtl                        0x08000ec8   Section        0  main.o(i.GimbalYawPIDCtl)
    i.Gimbal_GenSrvMapParams                 0x08000ffc   Section        0  gimbal.o(i.Gimbal_GenSrvMapParams)
    i.Gimbal_Init                            0x080010fc   Section        0  gimbal.o(i.Gimbal_Init)
    i.Gimbal_Pitch2Servo                     0x08001114   Section        0  gimbal.o(i.Gimbal_Pitch2Servo)
    i.Gimbal_Reset                           0x08001138   Section        0  gimbal.o(i.Gimbal_Reset)
    i.Gimbal_Servo2Pitch                     0x08001170   Section        0  gimbal.o(i.Gimbal_Servo2Pitch)
    i.Gimbal_Servo2Yaw                       0x08001194   Section        0  gimbal.o(i.Gimbal_Servo2Yaw)
    i.Gimbal_SetPitch                        0x080011b8   Section        0  gimbal.o(i.Gimbal_SetPitch)
    i.Gimbal_SetYaw                          0x0800125c   Section        0  gimbal.o(i.Gimbal_SetYaw)
    i.Gimbal_Update                          0x08001300   Section        0  gimbal.o(i.Gimbal_Update)
    i.Gimbal_UpdatePitch                     0x08001314   Section        0  gimbal.o(i.Gimbal_UpdatePitch)
    i.Gimbal_UpdateYaw                       0x08001338   Section        0  gimbal.o(i.Gimbal_UpdateYaw)
    i.Gimbal_Yaw2Servo                       0x0800135c   Section        0  gimbal.o(i.Gimbal_Yaw2Servo)
    i.NVIC_Init                              0x08001380   Section        0  misc.o(i.NVIC_Init)
    i.NVIC_PriorityGroupConfig               0x080013f0   Section        0  misc.o(i.NVIC_PriorityGroupConfig)
    i.RCC_APB1PeriphClockCmd                 0x08001404   Section        0  stm32f10x_rcc.o(i.RCC_APB1PeriphClockCmd)
    i.RCC_APB2PeriphClockCmd                 0x08001424   Section        0  stm32f10x_rcc.o(i.RCC_APB2PeriphClockCmd)
    i.RCC_GetClocksFreq                      0x08001444   Section        0  stm32f10x_rcc.o(i.RCC_GetClocksFreq)
    i.RingBuffer_GetByteFree                 0x08001518   Section        0  ring_buffer.o(i.RingBuffer_GetByteFree)
    i.RingBuffer_GetByteUsed                 0x08001530   Section        0  ring_buffer.o(i.RingBuffer_GetByteUsed)
    i.RingBuffer_GetCapacity                 0x0800155a   Section        0  ring_buffer.o(i.RingBuffer_GetCapacity)
    i.RingBuffer_GetChecksum                 0x08001564   Section        0  ring_buffer.o(i.RingBuffer_GetChecksum)
    i.RingBuffer_GetValueByIndex             0x0800158c   Section        0  ring_buffer.o(i.RingBuffer_GetValueByIndex)
    i.RingBuffer_Init                        0x080015b8   Section        0  ring_buffer.o(i.RingBuffer_Init)
    i.RingBuffer_IsEmpty                     0x080015de   Section        0  ring_buffer.o(i.RingBuffer_IsEmpty)
    i.RingBuffer_IsFull                      0x080015fc   Section        0  ring_buffer.o(i.RingBuffer_IsFull)
    i.RingBuffer_Pop                         0x08001610   Section        0  ring_buffer.o(i.RingBuffer_Pop)
    i.RingBuffer_Push                        0x08001642   Section        0  ring_buffer.o(i.RingBuffer_Push)
    i.RingBuffer_ReadByte                    0x0800166e   Section        0  ring_buffer.o(i.RingBuffer_ReadByte)
    i.RingBuffer_WriteByte                   0x0800167a   Section        0  ring_buffer.o(i.RingBuffer_WriteByte)
    i.RingBuffer_WriteByteArray              0x0800168a   Section        0  ring_buffer.o(i.RingBuffer_WriteByteArray)
    i.RingBuffer_WriteShort                  0x080016a8   Section        0  ring_buffer.o(i.RingBuffer_WriteShort)
    i.RingBuffer_WriteUShort                 0x080016ba   Section        0  ring_buffer.o(i.RingBuffer_WriteUShort)
    i.SetSysClock                            0x080016cc   Section        0  system_stm32f10x.o(i.SetSysClock)
    SetSysClock                              0x080016cd   Thumb Code     8  system_stm32f10x.o(i.SetSysClock)
    i.SetSysClockTo72                        0x080016d4   Section        0  system_stm32f10x.o(i.SetSysClockTo72)
    SetSysClockTo72                          0x080016d5   Thumb Code   214  system_stm32f10x.o(i.SetSysClockTo72)
    i.SysTick_Config                         0x080017b4   Section        0  sys_tick.o(i.SysTick_Config)
    SysTick_Config                           0x080017b5   Thumb Code    76  sys_tick.o(i.SysTick_Config)
    i.SysTick_CountdownBegin                 0x08001808   Section        0  sys_tick.o(i.SysTick_CountdownBegin)
    i.SysTick_CountdownCancel                0x08001828   Section        0  sys_tick.o(i.SysTick_CountdownCancel)
    i.SysTick_CountdownIsTimeout             0x08001844   Section        0  sys_tick.o(i.SysTick_CountdownIsTimeout)
    i.SysTick_DelayMs                        0x08001858   Section        0  sys_tick.o(i.SysTick_DelayMs)
    i.SysTick_Handler                        0x0800186c   Section        0  sys_tick.o(i.SysTick_Handler)
    i.SysTick_Init                           0x0800188c   Section        0  sys_tick.o(i.SysTick_Init)
    i.SysTick_Wait                           0x080018bc   Section        0  sys_tick.o(i.SysTick_Wait)
    i.SystemInit                             0x080018ec   Section        0  system_stm32f10x.o(i.SystemInit)
    i.USART1_IRQHandler                      0x0800194c   Section        0  usart.o(i.USART1_IRQHandler)
    i.USART2_IRQHandler                      0x08001978   Section        0  usart.o(i.USART2_IRQHandler)
    i.USART3_IRQHandler                      0x080019a4   Section        0  usart.o(i.USART3_IRQHandler)
    i.USART_Cmd                              0x080019d0   Section        0  stm32f10x_usart.o(i.USART_Cmd)
    i.USART_GetFlagStatus                    0x080019e8   Section        0  stm32f10x_usart.o(i.USART_GetFlagStatus)
    i.USART_GetITStatus                      0x08001a02   Section        0  stm32f10x_usart.o(i.USART_GetITStatus)
    i.USART_ITConfig                         0x08001a56   Section        0  stm32f10x_usart.o(i.USART_ITConfig)
    i.USART_Init                             0x08001aa0   Section        0  stm32f10x_usart.o(i.USART_Init)
    i.USART_ReceiveData                      0x08001b78   Section        0  stm32f10x_usart.o(i.USART_ReceiveData)
    i.USART_SendData                         0x08001b82   Section        0  stm32f10x_usart.o(i.USART_SendData)
    i.Usart_Init                             0x08001b8c   Section        0  usart.o(i.Usart_Init)
    i.Usart_SendAll                          0x08001e28   Section        0  usart.o(i.Usart_SendAll)
    i.Usart_SendByte                         0x08001e4a   Section        0  usart.o(i.Usart_SendByte)
    i.__0printf                              0x08001e68   Section        0  printfa.o(i.__0printf)
    i.__scatterload_copy                     0x08001e88   Section       14  handlers.o(i.__scatterload_copy)
    i.__scatterload_null                     0x08001e96   Section        2  handlers.o(i.__scatterload_null)
    i.__scatterload_zeroinit                 0x08001e98   Section       14  handlers.o(i.__scatterload_zeroinit)
    i._fp_digits                             0x08001ea8   Section        0  printfa.o(i._fp_digits)
    _fp_digits                               0x08001ea9   Thumb Code   366  printfa.o(i._fp_digits)
    i._printf_core                           0x0800202c   Section        0  printfa.o(i._printf_core)
    _printf_core                             0x0800202d   Thumb Code  1744  printfa.o(i._printf_core)
    i._printf_post_padding                   0x08002708   Section        0  printfa.o(i._printf_post_padding)
    _printf_post_padding                     0x08002709   Thumb Code    36  printfa.o(i._printf_post_padding)
    i._printf_pre_padding                    0x0800272c   Section        0  printfa.o(i._printf_pre_padding)
    _printf_pre_padding                      0x0800272d   Thumb Code    46  printfa.o(i._printf_pre_padding)
    i.fputc                                  0x0800275c   Section        0  main.o(i.fputc)
    i.main                                   0x08002788   Section        0  main.o(i.main)
    i.updateBlobInfo                         0x080027d8   Section        0  main.o(i.updateBlobInfo)
    .data                                    0x20000000   Section       40  main.o(.data)
    .data                                    0x20000028   Section        4  sys_tick.o(.data)
    sysTickCnt                               0x20000028   Data           4  sys_tick.o(.data)
    .data                                    0x2000002c   Section       72  gimbal.o(.data)
    .data                                    0x20000074   Section       20  stm32f10x_rcc.o(.data)
    APBAHBPrescTable                         0x20000074   Data          16  stm32f10x_rcc.o(.data)
    ADCPrescTable                            0x20000084   Data           4  stm32f10x_rcc.o(.data)
    .data                                    0x20000088   Section       20  system_stm32f10x.o(.data)
    .data                                    0x2000009c   Section        4  stdout.o(.data)
    .bss                                     0x200000a0   Section     3120  usart.o(.bss)
    STACK                                    0x20000cd0   Section     1024  startup_stm32f10x_md.o(STACK)

    Global Symbols

    Symbol Name                              Value     Ov Type        Size  Object(Section)

    BuildAttributes$$THM_ISAv4$P$D$K$B$S$PE$A:L22UL41UL21$X:L11$S22US41US21$IEEE1$IW$USESV6$~STKCKD$USESV7$~SHL$OTIME$ROPI$EBA8$MICROLIB$REQ8$PRES8$EABIv2 0x00000000   Number         0  anon$$obj.o ABSOLUTE
    __ARM_use_no_argv                        0x00000000   Number         0  main.o ABSOLUTE
    _printf_a                                0x00000000   Number         0  stubs.o ABSOLUTE
    _printf_c                                0x00000000   Number         0  stubs.o ABSOLUTE
    _printf_charcount                        0x00000000   Number         0  stubs.o ABSOLUTE
    _printf_d                                0x00000000   Number         0  stubs.o ABSOLUTE
    _printf_e                                0x00000000   Number         0  stubs.o ABSOLUTE
    _printf_f                                0x00000000   Number         0  stubs.o ABSOLUTE
    _printf_flags                            0x00000000   Number         0  stubs.o ABSOLUTE
    _printf_fp_dec                           0x00000000   Number         0  stubs.o ABSOLUTE
    _printf_fp_hex                           0x00000000   Number         0  stubs.o ABSOLUTE
    _printf_g                                0x00000000   Number         0  stubs.o ABSOLUTE
    _printf_i                                0x00000000   Number         0  stubs.o ABSOLUTE
    _printf_int_dec                          0x00000000   Number         0  stubs.o ABSOLUTE
    _printf_l                                0x00000000   Number         0  stubs.o ABSOLUTE
    _printf_lc                               0x00000000   Number         0  stubs.o ABSOLUTE
    _printf_ll                               0x00000000   Number         0  stubs.o ABSOLUTE
    _printf_lld                              0x00000000   Number         0  stubs.o ABSOLUTE
    _printf_lli                              0x00000000   Number         0  stubs.o ABSOLUTE
    _printf_llo                              0x00000000   Number         0  stubs.o ABSOLUTE
    _printf_llu                              0x00000000   Number         0  stubs.o ABSOLUTE
    _printf_llx                              0x00000000   Number         0  stubs.o ABSOLUTE
    _printf_longlong_dec                     0x00000000   Number         0  stubs.o ABSOLUTE
    _printf_longlong_hex                     0x00000000   Number         0  stubs.o ABSOLUTE
    _printf_longlong_oct                     0x00000000   Number         0  stubs.o ABSOLUTE
    _printf_ls                               0x00000000   Number         0  stubs.o ABSOLUTE
    _printf_mbtowc                           0x00000000   Number         0  stubs.o ABSOLUTE
    _printf_n                                0x00000000   Number         0  stubs.o ABSOLUTE
    _printf_o                                0x00000000   Number         0  stubs.o ABSOLUTE
    _printf_p                                0x00000000   Number         0  stubs.o ABSOLUTE
    _printf_percent                          0x00000000   Number         0  stubs.o ABSOLUTE
    _printf_pre_padding                      0x00000000   Number         0  stubs.o ABSOLUTE
    _printf_return_value                     0x00000000   Number         0  stubs.o ABSOLUTE
    _printf_s                                0x00000000   Number         0  stubs.o ABSOLUTE
    _printf_sizespec                         0x00000000   Number         0  stubs.o ABSOLUTE
    _printf_str                              0x00000000   Number         0  stubs.o ABSOLUTE
    _printf_truncate_signed                  0x00000000   Number         0  stubs.o ABSOLUTE
    _printf_truncate_unsigned                0x00000000   Number         0  stubs.o ABSOLUTE
    _printf_u                                0x00000000   Number         0  stubs.o ABSOLUTE
    _printf_wc                               0x00000000   Number         0  stubs.o ABSOLUTE
    _printf_wctomb                           0x00000000   Number         0  stubs.o ABSOLUTE
    _printf_widthprec                        0x00000000   Number         0  stubs.o ABSOLUTE
    _printf_x                                0x00000000   Number         0  stubs.o ABSOLUTE
    __cpp_initialize__aeabi_                  - Undefined Weak Reference
    __cxa_finalize                            - Undefined Weak Reference
    __decompress                              - Undefined Weak Reference
    _clock_init                               - Undefined Weak Reference
    _microlib_exit                            - Undefined Weak Reference
    __Vectors_Size                           0x000000ec   Number         0  startup_stm32f10x_md.o ABSOLUTE
    __Vectors                                0x08000000   Data           4  startup_stm32f10x_md.o(RESET)
    __Vectors_End                            0x080000ec   Data           0  startup_stm32f10x_md.o(RESET)
    __main                                   0x080000ed   Thumb Code     0  entry.o(.ARM.Collect$$$$00000000)
    _main_stk                                0x080000ed   Thumb Code     0  entry2.o(.ARM.Collect$$$$00000001)
    _main_scatterload                        0x080000f1   Thumb Code     0  entry5.o(.ARM.Collect$$$$00000004)
    __main_after_scatterload                 0x080000f5   Thumb Code     0  entry5.o(.ARM.Collect$$$$00000004)
    _main_clock                              0x080000f5   Thumb Code     0  entry7b.o(.ARM.Collect$$$$00000008)
    _main_cpp_init                           0x080000f5   Thumb Code     0  entry8b.o(.ARM.Collect$$$$0000000A)
    _main_init                               0x080000f5   Thumb Code     0  entry9a.o(.ARM.Collect$$$$0000000B)
    __rt_final_cpp                           0x080000fd   Thumb Code     0  entry10a.o(.ARM.Collect$$$$0000000D)
    __rt_final_exit                          0x080000fd   Thumb Code     0  entry11a.o(.ARM.Collect$$$$0000000F)
    Reset_Handler                            0x08000101   Thumb Code     8  startup_stm32f10x_md.o(.text)
    NMI_Handler                              0x08000109   Thumb Code     2  startup_stm32f10x_md.o(.text)
    HardFault_Handler                        0x0800010b   Thumb Code     2  startup_stm32f10x_md.o(.text)
    MemManage_Handler                        0x0800010d   Thumb Code     2  startup_stm32f10x_md.o(.text)
    BusFault_Handler                         0x0800010f   Thumb Code     2  startup_stm32f10x_md.o(.text)
    UsageFault_Handler                       0x08000111   Thumb Code     2  startup_stm32f10x_md.o(.text)
    SVC_Handler                              0x08000113   Thumb Code     2  startup_stm32f10x_md.o(.text)
    DebugMon_Handler                         0x08000115   Thumb Code     2  startup_stm32f10x_md.o(.text)
    PendSV_Handler                           0x08000117   Thumb Code     2  startup_stm32f10x_md.o(.text)
    ADC1_2_IRQHandler                        0x0800011b   Thumb Code     0  startup_stm32f10x_md.o(.text)
    CAN1_RX1_IRQHandler                      0x0800011b   Thumb Code     0  startup_stm32f10x_md.o(.text)
    CAN1_SCE_IRQHandler                      0x0800011b   Thumb Code     0  startup_stm32f10x_md.o(.text)
    DMA1_Channel1_IRQHandler                 0x0800011b   Thumb Code     0  startup_stm32f10x_md.o(.text)
    DMA1_Channel2_IRQHandler                 0x0800011b   Thumb Code     0  startup_stm32f10x_md.o(.text)
    DMA1_Channel3_IRQHandler                 0x0800011b   Thumb Code     0  startup_stm32f10x_md.o(.text)
    DMA1_Channel4_IRQHandler                 0x0800011b   Thumb Code     0  startup_stm32f10x_md.o(.text)
    DMA1_Channel5_IRQHandler                 0x0800011b   Thumb Code     0  startup_stm32f10x_md.o(.text)
    DMA1_Channel6_IRQHandler                 0x0800011b   Thumb Code     0  startup_stm32f10x_md.o(.text)
    DMA1_Channel7_IRQHandler                 0x0800011b   Thumb Code     0  startup_stm32f10x_md.o(.text)
    EXTI0_IRQHandler                         0x0800011b   Thumb Code     0  startup_stm32f10x_md.o(.text)
    EXTI15_10_IRQHandler                     0x0800011b   Thumb Code     0  startup_stm32f10x_md.o(.text)
    EXTI1_IRQHandler                         0x0800011b   Thumb Code     0  startup_stm32f10x_md.o(.text)
    EXTI2_IRQHandler                         0x0800011b   Thumb Code     0  startup_stm32f10x_md.o(.text)
    EXTI3_IRQHandler                         0x0800011b   Thumb Code     0  startup_stm32f10x_md.o(.text)
    FLASH_IRQHandler                         0x0800011b   Thumb Code     0  startup_stm32f10x_md.o(.text)
    I2C1_ER_IRQHandler                       0x0800011b   Thumb Code     0  startup_stm32f10x_md.o(.text)
    I2C1_EV_IRQHandler                       0x0800011b   Thumb Code     0  startup_stm32f10x_md.o(.text)
    I2C2_ER_IRQHandler                       0x0800011b   Thumb Code     0  startup_stm32f10x_md.o(.text)
    I2C2_EV_IRQHandler                       0x0800011b   Thumb Code     0  startup_stm32f10x_md.o(.text)
    PVD_IRQHandler                           0x0800011b   Thumb Code     0  startup_stm32f10x_md.o(.text)
    RCC_IRQHandler                           0x0800011b   Thumb Code     0  startup_stm32f10x_md.o(.text)
    RTCAlarm_IRQHandler                      0x0800011b   Thumb Code     0  startup_stm32f10x_md.o(.text)
    RTC_IRQHandler                           0x0800011b   Thumb Code     0  startup_stm32f10x_md.o(.text)
    SPI1_IRQHandler                          0x0800011b   Thumb Code     0  startup_stm32f10x_md.o(.text)
    SPI2_IRQHandler                          0x0800011b   Thumb Code     0  startup_stm32f10x_md.o(.text)
    TAMPER_IRQHandler                        0x0800011b   Thumb Code     0  startup_stm32f10x_md.o(.text)
    TIM1_BRK_IRQHandler                      0x0800011b   Thumb Code     0  startup_stm32f10x_md.o(.text)
    TIM1_CC_IRQHandler                       0x0800011b   Thumb Code     0  startup_stm32f10x_md.o(.text)
    TIM1_TRG_COM_IRQHandler                  0x0800011b   Thumb Code     0  startup_stm32f10x_md.o(.text)
    TIM1_UP_IRQHandler                       0x0800011b   Thumb Code     0  startup_stm32f10x_md.o(.text)
    TIM2_IRQHandler                          0x0800011b   Thumb Code     0  startup_stm32f10x_md.o(.text)
    TIM3_IRQHandler                          0x0800011b   Thumb Code     0  startup_stm32f10x_md.o(.text)
    TIM4_IRQHandler                          0x0800011b   Thumb Code     0  startup_stm32f10x_md.o(.text)
    USBWakeUp_IRQHandler                     0x0800011b   Thumb Code     0  startup_stm32f10x_md.o(.text)
    USB_HP_CAN1_TX_IRQHandler                0x0800011b   Thumb Code     0  startup_stm32f10x_md.o(.text)
    USB_LP_CAN1_RX0_IRQHandler               0x0800011b   Thumb Code     0  startup_stm32f10x_md.o(.text)
    WWDG_IRQHandler                          0x0800011b   Thumb Code     0  startup_stm32f10x_md.o(.text)
    __aeabi_fadd                             0x08000125   Thumb Code   164  fadd.o(.text)
    __aeabi_fsub                             0x080001c9   Thumb Code     6  fadd.o(.text)
    __aeabi_frsub                            0x080001cf   Thumb Code     6  fadd.o(.text)
    __aeabi_fmul                             0x080001d5   Thumb Code   100  fmul.o(.text)
    __aeabi_fdiv                             0x08000239   Thumb Code   124  fdiv.o(.text)
    __aeabi_dadd                             0x080002b5   Thumb Code   322  dadd.o(.text)
    __aeabi_dsub                             0x080003f7   Thumb Code     6  dadd.o(.text)
    __aeabi_drsub                            0x080003fd   Thumb Code     6  dadd.o(.text)
    __aeabi_dmul                             0x08000403   Thumb Code   228  dmul.o(.text)
    __aeabi_ddiv                             0x080004e7   Thumb Code   222  ddiv.o(.text)
    __aeabi_i2d                              0x080005c5   Thumb Code    34  dflti.o(.text)
    __aeabi_ui2d                             0x080005e7   Thumb Code    26  dfltui.o(.text)
    __aeabi_f2iz                             0x08000601   Thumb Code    50  ffixi.o(.text)
    __aeabi_d2uiz                            0x08000633   Thumb Code    50  dfixui.o(.text)
    __aeabi_f2d                              0x08000665   Thumb Code    38  f2d.o(.text)
    __aeabi_cdcmpeq                          0x0800068d   Thumb Code     0  cdcmple.o(.text)
    __aeabi_cdcmple                          0x0800068d   Thumb Code    48  cdcmple.o(.text)
    __aeabi_d2f                              0x080006bd   Thumb Code    56  d2f.o(.text)
    __aeabi_cfcmpeq                          0x080006f5   Thumb Code     0  cfcmple.o(.text)
    __aeabi_cfcmple                          0x080006f5   Thumb Code    20  cfcmple.o(.text)
    __aeabi_cfrcmple                         0x08000709   Thumb Code    20  cfrcmple.o(.text)
    __aeabi_uidiv                            0x0800071d   Thumb Code     0  uidiv.o(.text)
    __aeabi_uidivmod                         0x0800071d   Thumb Code    44  uidiv.o(.text)
    __aeabi_uldivmod                         0x08000749   Thumb Code    98  uldiv.o(.text)
    __aeabi_llsl                             0x080007ab   Thumb Code    30  llshl.o(.text)
    _ll_shift_l                              0x080007ab   Thumb Code     0  llshl.o(.text)
    __aeabi_llsr                             0x080007c9   Thumb Code    32  llushr.o(.text)
    _ll_ushift_r                             0x080007c9   Thumb Code     0  llushr.o(.text)
    __aeabi_lasr                             0x080007e9   Thumb Code    36  llsshr.o(.text)
    _ll_sshift_r                             0x080007e9   Thumb Code     0  llsshr.o(.text)
    __I$use$fp                               0x0800080d   Thumb Code     0  iusefp.o(.text)
    _float_round                             0x0800080d   Thumb Code    18  fepilogue.o(.text)
    _float_epilogue                          0x0800081f   Thumb Code    92  fepilogue.o(.text)
    _double_round                            0x0800087b   Thumb Code    30  depilogue.o(.text)
    _double_epilogue                         0x08000899   Thumb Code   156  depilogue.o(.text)
    __aeabi_d2ulz                            0x08000935   Thumb Code    48  dfixul.o(.text)
    __aeabi_cdrcmple                         0x08000965   Thumb Code    48  cdrcmple.o(.text)
    __scatterload                            0x08000995   Thumb Code    28  init.o(.text)
    __scatterload_rt2                        0x08000995   Thumb Code     0  init.o(.text)
    EXTI4_IRQHandler                         0x080009b9   Thumb Code    56  button.o(i.EXTI4_IRQHandler)
    EXTI9_5_IRQHandler                       0x080009fd   Thumb Code   160  button.o(i.EXTI9_5_IRQHandler)
    EXTI_ClearITPendingBit                   0x08000ab1   Thumb Code     6  stm32f10x_exti.o(i.EXTI_ClearITPendingBit)
    EXTI_GetITStatus                         0x08000abd   Thumb Code    34  stm32f10x_exti.o(i.EXTI_GetITStatus)
    FSUS_CalcChecksum                        0x08000ae5   Thumb Code    50  fashion_star_uart_servo.o(i.FSUS_CalcChecksum)
    FSUS_Package2RingBuffer                  0x08000b17   Thumb Code    58  fashion_star_uart_servo.o(i.FSUS_Package2RingBuffer)
    FSUS_QueryServoAngle                     0x08000b51   Thumb Code   104  fashion_star_uart_servo.o(i.FSUS_QueryServoAngle)
    FSUS_RecvPackage                         0x08000bc1   Thumb Code   312  fashion_star_uart_servo.o(i.FSUS_RecvPackage)
    FSUS_SendPackage                         0x08000cf9   Thumb Code    62  fashion_star_uart_servo.o(i.FSUS_SendPackage)
    FSUS_SetServoAngle                       0x08000d39   Thumb Code   116  fashion_star_uart_servo.o(i.FSUS_SetServoAngle)
    GPIO_Init                                0x08000db1   Thumb Code   278  stm32f10x_gpio.o(i.GPIO_Init)
    GimbalYawPIDCtl                          0x08000ec9   Thumb Code   222  main.o(i.GimbalYawPIDCtl)
    Gimbal_GenSrvMapParams                   0x08000ffd   Thumb Code   184  gimbal.o(i.Gimbal_GenSrvMapParams)
    Gimbal_Init                              0x080010fd   Thumb Code    22  gimbal.o(i.Gimbal_Init)
    Gimbal_Pitch2Servo                       0x08001115   Thumb Code    28  gimbal.o(i.Gimbal_Pitch2Servo)
    Gimbal_Reset                             0x08001139   Thumb Code    48  gimbal.o(i.Gimbal_Reset)
    Gimbal_Servo2Pitch                       0x08001171   Thumb Code    28  gimbal.o(i.Gimbal_Servo2Pitch)
    Gimbal_Servo2Yaw                         0x08001195   Thumb Code    28  gimbal.o(i.Gimbal_Servo2Yaw)
    Gimbal_SetPitch                          0x080011b9   Thumb Code   138  gimbal.o(i.Gimbal_SetPitch)
    Gimbal_SetYaw                            0x0800125d   Thumb Code   138  gimbal.o(i.Gimbal_SetYaw)
    Gimbal_Update                            0x08001301   Thumb Code    18  gimbal.o(i.Gimbal_Update)
    Gimbal_UpdatePitch                       0x08001315   Thumb Code    28  gimbal.o(i.Gimbal_UpdatePitch)
    Gimbal_UpdateYaw                         0x08001339   Thumb Code    28  gimbal.o(i.Gimbal_UpdateYaw)
    Gimbal_Yaw2Servo                         0x0800135d   Thumb Code    28  gimbal.o(i.Gimbal_Yaw2Servo)
    NVIC_Init                                0x08001381   Thumb Code   100  misc.o(i.NVIC_Init)
    NVIC_PriorityGroupConfig                 0x080013f1   Thumb Code    10  misc.o(i.NVIC_PriorityGroupConfig)
    RCC_APB1PeriphClockCmd                   0x08001405   Thumb Code    26  stm32f10x_rcc.o(i.RCC_APB1PeriphClockCmd)
    RCC_APB2PeriphClockCmd                   0x08001425   Thumb Code    26  stm32f10x_rcc.o(i.RCC_APB2PeriphClockCmd)
    RCC_GetClocksFreq                        0x08001445   Thumb Code   192  stm32f10x_rcc.o(i.RCC_GetClocksFreq)
    RingBuffer_GetByteFree                   0x08001519   Thumb Code    24  ring_buffer.o(i.RingBuffer_GetByteFree)
    RingBuffer_GetByteUsed                   0x08001531   Thumb Code    42  ring_buffer.o(i.RingBuffer_GetByteUsed)
    RingBuffer_GetCapacity                   0x0800155b   Thumb Code    10  ring_buffer.o(i.RingBuffer_GetCapacity)
    RingBuffer_GetChecksum                   0x08001565   Thumb Code    40  ring_buffer.o(i.RingBuffer_GetChecksum)
    RingBuffer_GetValueByIndex               0x0800158d   Thumb Code    44  ring_buffer.o(i.RingBuffer_GetValueByIndex)
    RingBuffer_Init                          0x080015b9   Thumb Code    38  ring_buffer.o(i.RingBuffer_Init)
    RingBuffer_IsEmpty                       0x080015df   Thumb Code    30  ring_buffer.o(i.RingBuffer_IsEmpty)
    RingBuffer_IsFull                        0x080015fd   Thumb Code    20  ring_buffer.o(i.RingBuffer_IsFull)
    RingBuffer_Pop                           0x08001611   Thumb Code    50  ring_buffer.o(i.RingBuffer_Pop)
    RingBuffer_Push                          0x08001643   Thumb Code    44  ring_buffer.o(i.RingBuffer_Push)
    RingBuffer_ReadByte                      0x0800166f   Thumb Code    12  ring_buffer.o(i.RingBuffer_ReadByte)
    RingBuffer_WriteByte                     0x0800167b   Thumb Code    16  ring_buffer.o(i.RingBuffer_WriteByte)
    RingBuffer_WriteByteArray                0x0800168b   Thumb Code    30  ring_buffer.o(i.RingBuffer_WriteByteArray)
    RingBuffer_WriteShort                    0x080016a9   Thumb Code    18  ring_buffer.o(i.RingBuffer_WriteShort)
    RingBuffer_WriteUShort                   0x080016bb   Thumb Code    18  ring_buffer.o(i.RingBuffer_WriteUShort)
    SysTick_CountdownBegin                   0x08001809   Thumb Code    26  sys_tick.o(i.SysTick_CountdownBegin)
    SysTick_CountdownCancel                  0x08001829   Thumb Code    24  sys_tick.o(i.SysTick_CountdownCancel)
    SysTick_CountdownIsTimeout               0x08001845   Thumb Code    14  sys_tick.o(i.SysTick_CountdownIsTimeout)
    SysTick_DelayMs                          0x08001859   Thumb Code    14  sys_tick.o(i.SysTick_DelayMs)
    SysTick_Handler                          0x0800186d   Thumb Code    26  sys_tick.o(i.SysTick_Handler)
    SysTick_Init                             0x0800188d   Thumb Code    44  sys_tick.o(i.SysTick_Init)
    SysTick_Wait                             0x080018bd   Thumb Code    44  sys_tick.o(i.SysTick_Wait)
    SystemInit                               0x080018ed   Thumb Code    78  system_stm32f10x.o(i.SystemInit)
    USART1_IRQHandler                        0x0800194d   Thumb Code    34  usart.o(i.USART1_IRQHandler)
    USART2_IRQHandler                        0x08001979   Thumb Code    36  usart.o(i.USART2_IRQHandler)
    USART3_IRQHandler                        0x080019a5   Thumb Code    36  usart.o(i.USART3_IRQHandler)
    USART_Cmd                                0x080019d1   Thumb Code    24  stm32f10x_usart.o(i.USART_Cmd)
    USART_GetFlagStatus                      0x080019e9   Thumb Code    26  stm32f10x_usart.o(i.USART_GetFlagStatus)
    USART_GetITStatus                        0x08001a03   Thumb Code    84  stm32f10x_usart.o(i.USART_GetITStatus)
    USART_ITConfig                           0x08001a57   Thumb Code    74  stm32f10x_usart.o(i.USART_ITConfig)
    USART_Init                               0x08001aa1   Thumb Code   210  stm32f10x_usart.o(i.USART_Init)
    USART_ReceiveData                        0x08001b79   Thumb Code    10  stm32f10x_usart.o(i.USART_ReceiveData)
    USART_SendData                           0x08001b83   Thumb Code     8  stm32f10x_usart.o(i.USART_SendData)
    Usart_Init                               0x08001b8d   Thumb Code   586  usart.o(i.Usart_Init)
    Usart_SendAll                            0x08001e29   Thumb Code    34  usart.o(i.Usart_SendAll)
    Usart_SendByte                           0x08001e4b   Thumb Code    30  usart.o(i.Usart_SendByte)
    __0printf                                0x08001e69   Thumb Code    22  printfa.o(i.__0printf)
    __1printf                                0x08001e69   Thumb Code     0  printfa.o(i.__0printf)
    __2printf                                0x08001e69   Thumb Code     0  printfa.o(i.__0printf)
    __c89printf                              0x08001e69   Thumb Code     0  printfa.o(i.__0printf)
    printf                                   0x08001e69   Thumb Code     0  printfa.o(i.__0printf)
    __scatterload_copy                       0x08001e89   Thumb Code    14  handlers.o(i.__scatterload_copy)
    __scatterload_null                       0x08001e97   Thumb Code     2  handlers.o(i.__scatterload_null)
    __scatterload_zeroinit                   0x08001e99   Thumb Code    14  handlers.o(i.__scatterload_zeroinit)
    fputc                                    0x0800275d   Thumb Code    40  main.o(i.fputc)
    main                                     0x08002789   Thumb Code    66  main.o(i.main)
    updateBlobInfo                           0x080027d9   Thumb Code   256  main.o(i.updateBlobInfo)
    Region$$Table$$Base                      0x080028f4   Number         0  anon$$obj.o(Region$$Table)
    Region$$Table$$Limit                     0x08002914   Number         0  anon$$obj.o(Region$$Table)
    servoUsart                               0x20000000   Data           4  main.o(.data)
    loggingUsart                             0x20000004   Data           4  main.o(.data)
    blobUsart                                0x20000008   Data           4  main.o(.data)
    blobPkgBuf                               0x2000000c   Data           7  main.o(.data)
    blobPkgIdx                               0x20000013   Data           1  main.o(.data)
    servoSpeed                               0x20000014   Data           4  main.o(.data)
    hasBlob                                  0x20000018   Data           1  main.o(.data)
    blobCx                                   0x2000001a   Data           2  main.o(.data)
    blobCy                                   0x2000001c   Data           2  main.o(.data)
    curXOffset                               0x20000020   Data           4  main.o(.data)
    lastXOffset                              0x20000024   Data           4  main.o(.data)
    K_yaw2srv                                0x2000002c   Data           4  gimbal.o(.data)
    b_yaw2srv                                0x20000030   Data           4  gimbal.o(.data)
    K_srv2yaw                                0x20000034   Data           4  gimbal.o(.data)
    b_srv2yaw                                0x20000038   Data           4  gimbal.o(.data)
    K_pitch2srv                              0x2000003c   Data           4  gimbal.o(.data)
    b_pitch2srv                              0x20000040   Data           4  gimbal.o(.data)
    K_srv2pitch                              0x20000044   Data           4  gimbal.o(.data)
    b_srv2pitch                              0x20000048   Data           4  gimbal.o(.data)
    curSrvYaw                                0x2000004c   Data           4  gimbal.o(.data)
    curSrvPitch                              0x20000050   Data           4  gimbal.o(.data)
    nextSrvYaw                               0x20000054   Data           4  gimbal.o(.data)
    nextSrvPitch                             0x20000058   Data           4  gimbal.o(.data)
    curYaw                                   0x2000005c   Data           4  gimbal.o(.data)
    curPitch                                 0x20000060   Data           4  gimbal.o(.data)
    nextYaw                                  0x20000064   Data           4  gimbal.o(.data)
    nextPitch                                0x20000068   Data           4  gimbal.o(.data)
    speedYaw                                 0x2000006c   Data           4  gimbal.o(.data)
    speedPitch                               0x20000070   Data           4  gimbal.o(.data)
    SystemCoreClock                          0x20000088   Data           4  system_stm32f10x.o(.data)
    AHBPrescTable                            0x2000008c   Data          16  system_stm32f10x.o(.data)
    __stdout                                 0x2000009c   Data           4  stdout.o(.data)
    usart1SendBuf                            0x200000a0   Data         501  usart.o(.bss)
    usart1RecvBuf                            0x20000295   Data         501  usart.o(.bss)
    usart1SendRingBuf                        0x2000048c   Data          12  usart.o(.bss)
    usart1RecvRingBuf                        0x20000498   Data          12  usart.o(.bss)
    usart1                                   0x200004a4   Data          12  usart.o(.bss)
    usart2SendBuf                            0x200004b0   Data         501  usart.o(.bss)
    usart2RecvBuf                            0x200006a5   Data         501  usart.o(.bss)
    usart2SendRingBuf                        0x2000089c   Data          12  usart.o(.bss)
    usart2RecvRingBuf                        0x200008a8   Data          12  usart.o(.bss)
    usart2                                   0x200008b4   Data          12  usart.o(.bss)
    usart3SendBuf                            0x200008c0   Data         501  usart.o(.bss)
    usart3RecvBuf                            0x20000ab5   Data         501  usart.o(.bss)
    usart3SendRingBuf                        0x20000cac   Data          12  usart.o(.bss)
    usart3RecvRingBuf                        0x20000cb8   Data          12  usart.o(.bss)
    usart3                                   0x20000cc4   Data          12  usart.o(.bss)
    __initial_sp                             0x200010d0   Data           0  startup_stm32f10x_md.o(STACK)



==============================================================================

Memory Map of the image

  Image Entry point : 0x08000101

  Load Region LR_1 (Base: 0x08000000, Size: 0x000029b4, Max: 0xffffffff, ABSOLUTE)

    Execution Region ER_RO (Exec base: 0x08000000, Load base: 0x08000000, Size: 0x00002914, Max: 0xffffffff, ABSOLUTE)

    Exec Addr    Load Addr    Size         Type   Attr      Idx    E Section Name        Object

    0x08000000   0x08000000   0x000000ec   Data   RO         2445    RESET               startup_stm32f10x_md.o
    0x080000ec   0x080000ec   0x00000000   Code   RO         2485  * .ARM.Collect$$$$00000000  mc_w.l(entry.o)
    0x080000ec   0x080000ec   0x00000004   Code   RO         2807    .ARM.Collect$$$$00000001  mc_w.l(entry2.o)
    0x080000f0   0x080000f0   0x00000004   Code   RO         2810    .ARM.Collect$$$$00000004  mc_w.l(entry5.o)
    0x080000f4   0x080000f4   0x00000000   Code   RO         2812    .ARM.Collect$$$$00000008  mc_w.l(entry7b.o)
    0x080000f4   0x080000f4   0x00000000   Code   RO         2814    .ARM.Collect$$$$0000000A  mc_w.l(entry8b.o)
    0x080000f4   0x080000f4   0x00000008   Code   RO         2815    .ARM.Collect$$$$0000000B  mc_w.l(entry9a.o)
    0x080000fc   0x080000fc   0x00000000   Code   RO         2817    .ARM.Collect$$$$0000000D  mc_w.l(entry10a.o)
    0x080000fc   0x080000fc   0x00000000   Code   RO         2819    .ARM.Collect$$$$0000000F  mc_w.l(entry11a.o)
    0x080000fc   0x080000fc   0x00000004   Code   RO         2808    .ARM.Collect$$$$00002712  mc_w.l(entry2.o)
    0x08000100   0x08000100   0x00000024   Code   RO         2446  * .text               startup_stm32f10x_md.o
    0x08000124   0x08000124   0x000000b0   Code   RO         2777    .text               mf_w.l(fadd.o)
    0x080001d4   0x080001d4   0x00000064   Code   RO         2779    .text               mf_w.l(fmul.o)
    0x08000238   0x08000238   0x0000007c   Code   RO         2781    .text               mf_w.l(fdiv.o)
    0x080002b4   0x080002b4   0x0000014e   Code   RO         2783    .text               mf_w.l(dadd.o)
    0x08000402   0x08000402   0x000000e4   Code   RO         2785    .text               mf_w.l(dmul.o)
    0x080004e6   0x080004e6   0x000000de   Code   RO         2787    .text               mf_w.l(ddiv.o)
    0x080005c4   0x080005c4   0x00000022   Code   RO         2789    .text               mf_w.l(dflti.o)
    0x080005e6   0x080005e6   0x0000001a   Code   RO         2791    .text               mf_w.l(dfltui.o)
    0x08000600   0x08000600   0x00000032   Code   RO         2793    .text               mf_w.l(ffixi.o)
    0x08000632   0x08000632   0x00000032   Code   RO         2795    .text               mf_w.l(dfixui.o)
    0x08000664   0x08000664   0x00000026   Code   RO         2797    .text               mf_w.l(f2d.o)
    0x0800068a   0x0800068a   0x00000002   PAD
    0x0800068c   0x0800068c   0x00000030   Code   RO         2799    .text               mf_w.l(cdcmple.o)
    0x080006bc   0x080006bc   0x00000038   Code   RO         2801    .text               mf_w.l(d2f.o)
    0x080006f4   0x080006f4   0x00000014   Code   RO         2803    .text               mf_w.l(cfcmple.o)
    0x08000708   0x08000708   0x00000014   Code   RO         2805    .text               mf_w.l(cfrcmple.o)
    0x0800071c   0x0800071c   0x0000002c   Code   RO         2822    .text               mc_w.l(uidiv.o)
    0x08000748   0x08000748   0x00000062   Code   RO         2824    .text               mc_w.l(uldiv.o)
    0x080007aa   0x080007aa   0x0000001e   Code   RO         2826    .text               mc_w.l(llshl.o)
    0x080007c8   0x080007c8   0x00000020   Code   RO         2828    .text               mc_w.l(llushr.o)
    0x080007e8   0x080007e8   0x00000024   Code   RO         2830    .text               mc_w.l(llsshr.o)
    0x0800080c   0x0800080c   0x00000000   Code   RO         2838    .text               mc_w.l(iusefp.o)
    0x0800080c   0x0800080c   0x0000006e   Code   RO         2839    .text               mf_w.l(fepilogue.o)
    0x0800087a   0x0800087a   0x000000ba   Code   RO         2841    .text               mf_w.l(depilogue.o)
    0x08000934   0x08000934   0x00000030   Code   RO         2843    .text               mf_w.l(dfixul.o)
    0x08000964   0x08000964   0x00000030   Code   RO         2845    .text               mf_w.l(cdrcmple.o)
    0x08000994   0x08000994   0x00000024   Code   RO         2847    .text               mc_w.l(init.o)
    0x080009b8   0x080009b8   0x00000044   Code   RO          669    i.EXTI4_IRQHandler  button.o
    0x080009fc   0x080009fc   0x000000b4   Code   RO          670    i.EXTI9_5_IRQHandler  button.o
    0x08000ab0   0x08000ab0   0x0000000c   Code   RO          844    i.EXTI_ClearITPendingBit  stm32f10x_exti.o
    0x08000abc   0x08000abc   0x00000028   Code   RO          848    i.EXTI_GetITStatus  stm32f10x_exti.o
    0x08000ae4   0x08000ae4   0x00000032   Code   RO          450    i.FSUS_CalcChecksum  fashion_star_uart_servo.o
    0x08000b16   0x08000b16   0x0000003a   Code   RO          453    i.FSUS_Package2RingBuffer  fashion_star_uart_servo.o
    0x08000b50   0x08000b50   0x00000070   Code   RO          455    i.FSUS_QueryServoAngle  fashion_star_uart_servo.o
    0x08000bc0   0x08000bc0   0x00000138   Code   RO          457    i.FSUS_RecvPackage  fashion_star_uart_servo.o
    0x08000cf8   0x08000cf8   0x0000003e   Code   RO          460    i.FSUS_SendPackage  fashion_star_uart_servo.o
    0x08000d36   0x08000d36   0x00000002   PAD
    0x08000d38   0x08000d38   0x00000078   Code   RO          461    i.FSUS_SetServoAngle  fashion_star_uart_servo.o
    0x08000db0   0x08000db0   0x00000116   Code   RO         1077    i.GPIO_Init         stm32f10x_gpio.o
    0x08000ec6   0x08000ec6   0x00000002   PAD
    0x08000ec8   0x08000ec8   0x00000134   Code   RO            1    i.GimbalYawPIDCtl   main.o
    0x08000ffc   0x08000ffc   0x00000100   Code   RO          571    i.Gimbal_GenSrvMapParams  gimbal.o
    0x080010fc   0x080010fc   0x00000016   Code   RO          572    i.Gimbal_Init       gimbal.o
    0x08001112   0x08001112   0x00000002   PAD
    0x08001114   0x08001114   0x00000024   Code   RO          573    i.Gimbal_Pitch2Servo  gimbal.o
    0x08001138   0x08001138   0x00000038   Code   RO          574    i.Gimbal_Reset      gimbal.o
    0x08001170   0x08001170   0x00000024   Code   RO          575    i.Gimbal_Servo2Pitch  gimbal.o
    0x08001194   0x08001194   0x00000024   Code   RO          576    i.Gimbal_Servo2Yaw  gimbal.o
    0x080011b8   0x080011b8   0x000000a4   Code   RO          577    i.Gimbal_SetPitch   gimbal.o
    0x0800125c   0x0800125c   0x000000a4   Code   RO          578    i.Gimbal_SetYaw     gimbal.o
    0x08001300   0x08001300   0x00000012   Code   RO          579    i.Gimbal_Update     gimbal.o
    0x08001312   0x08001312   0x00000002   PAD
    0x08001314   0x08001314   0x00000024   Code   RO          580    i.Gimbal_UpdatePitch  gimbal.o
    0x08001338   0x08001338   0x00000024   Code   RO          581    i.Gimbal_UpdateYaw  gimbal.o
    0x0800135c   0x0800135c   0x00000024   Code   RO          583    i.Gimbal_Yaw2Servo  gimbal.o
    0x08001380   0x08001380   0x00000070   Code   RO          711    i.NVIC_Init         misc.o
    0x080013f0   0x080013f0   0x00000014   Code   RO          712    i.NVIC_PriorityGroupConfig  misc.o
    0x08001404   0x08001404   0x00000020   Code   RO         1391    i.RCC_APB1PeriphClockCmd  stm32f10x_rcc.o
    0x08001424   0x08001424   0x00000020   Code   RO         1393    i.RCC_APB2PeriphClockCmd  stm32f10x_rcc.o
    0x08001444   0x08001444   0x000000d4   Code   RO         1401    i.RCC_GetClocksFreq  stm32f10x_rcc.o
    0x08001518   0x08001518   0x00000018   Code   RO          216    i.RingBuffer_GetByteFree  ring_buffer.o
    0x08001530   0x08001530   0x0000002a   Code   RO          217    i.RingBuffer_GetByteUsed  ring_buffer.o
    0x0800155a   0x0800155a   0x0000000a   Code   RO          218    i.RingBuffer_GetCapacity  ring_buffer.o
    0x08001564   0x08001564   0x00000028   Code   RO          219    i.RingBuffer_GetChecksum  ring_buffer.o
    0x0800158c   0x0800158c   0x0000002c   Code   RO          220    i.RingBuffer_GetValueByIndex  ring_buffer.o
    0x080015b8   0x080015b8   0x00000026   Code   RO          221    i.RingBuffer_Init   ring_buffer.o
    0x080015de   0x080015de   0x0000001e   Code   RO          222    i.RingBuffer_IsEmpty  ring_buffer.o
    0x080015fc   0x080015fc   0x00000014   Code   RO          223    i.RingBuffer_IsFull  ring_buffer.o
    0x08001610   0x08001610   0x00000032   Code   RO          224    i.RingBuffer_Pop    ring_buffer.o
    0x08001642   0x08001642   0x0000002c   Code   RO          225    i.RingBuffer_Push   ring_buffer.o
    0x0800166e   0x0800166e   0x0000000c   Code   RO          226    i.RingBuffer_ReadByte  ring_buffer.o
    0x0800167a   0x0800167a   0x00000010   Code   RO          234    i.RingBuffer_WriteByte  ring_buffer.o
    0x0800168a   0x0800168a   0x0000001e   Code   RO          235    i.RingBuffer_WriteByteArray  ring_buffer.o
    0x080016a8   0x080016a8   0x00000012   Code   RO          238    i.RingBuffer_WriteShort  ring_buffer.o
    0x080016ba   0x080016ba   0x00000012   Code   RO          240    i.RingBuffer_WriteUShort  ring_buffer.o
    0x080016cc   0x080016cc   0x00000008   Code   RO         2451    i.SetSysClock       system_stm32f10x.o
    0x080016d4   0x080016d4   0x000000e0   Code   RO         2452    i.SetSysClockTo72   system_stm32f10x.o
    0x080017b4   0x080017b4   0x00000054   Code   RO          379    i.SysTick_Config    sys_tick.o
    0x08001808   0x08001808   0x00000020   Code   RO          380    i.SysTick_CountdownBegin  sys_tick.o
    0x08001828   0x08001828   0x0000001c   Code   RO          381    i.SysTick_CountdownCancel  sys_tick.o
    0x08001844   0x08001844   0x00000014   Code   RO          382    i.SysTick_CountdownIsTimeout  sys_tick.o
    0x08001858   0x08001858   0x00000014   Code   RO          383    i.SysTick_DelayMs   sys_tick.o
    0x0800186c   0x0800186c   0x00000020   Code   RO          386    i.SysTick_Handler   sys_tick.o
    0x0800188c   0x0800188c   0x00000030   Code   RO          387    i.SysTick_Init      sys_tick.o
    0x080018bc   0x080018bc   0x00000030   Code   RO          388    i.SysTick_Wait      sys_tick.o
    0x080018ec   0x080018ec   0x00000060   Code   RO         2454    i.SystemInit        system_stm32f10x.o
    0x0800194c   0x0800194c   0x0000002c   Code   RO          152    i.USART1_IRQHandler  usart.o
    0x08001978   0x08001978   0x0000002c   Code   RO          153    i.USART2_IRQHandler  usart.o
    0x080019a4   0x080019a4   0x0000002c   Code   RO          154    i.USART3_IRQHandler  usart.o
    0x080019d0   0x080019d0   0x00000018   Code   RO         2231    i.USART_Cmd         stm32f10x_usart.o
    0x080019e8   0x080019e8   0x0000001a   Code   RO         2234    i.USART_GetFlagStatus  stm32f10x_usart.o
    0x08001a02   0x08001a02   0x00000054   Code   RO         2235    i.USART_GetITStatus  stm32f10x_usart.o
    0x08001a56   0x08001a56   0x0000004a   Code   RO         2237    i.USART_ITConfig    stm32f10x_usart.o
    0x08001aa0   0x08001aa0   0x000000d8   Code   RO         2238    i.USART_Init        stm32f10x_usart.o
    0x08001b78   0x08001b78   0x0000000a   Code   RO         2245    i.USART_ReceiveData  stm32f10x_usart.o
    0x08001b82   0x08001b82   0x00000008   Code   RO         2248    i.USART_SendData    stm32f10x_usart.o
    0x08001b8a   0x08001b8a   0x00000002   PAD
    0x08001b8c   0x08001b8c   0x0000029c   Code   RO          155    i.Usart_Init        usart.o
    0x08001e28   0x08001e28   0x00000022   Code   RO          156    i.Usart_SendAll     usart.o
    0x08001e4a   0x08001e4a   0x0000001e   Code   RO          157    i.Usart_SendByte    usart.o
    0x08001e68   0x08001e68   0x00000020   Code   RO         2721    i.__0printf         mc_w.l(printfa.o)
    0x08001e88   0x08001e88   0x0000000e   Code   RO         2851    i.__scatterload_copy  mc_w.l(handlers.o)
    0x08001e96   0x08001e96   0x00000002   Code   RO         2852    i.__scatterload_null  mc_w.l(handlers.o)
    0x08001e98   0x08001e98   0x0000000e   Code   RO         2853    i.__scatterload_zeroinit  mc_w.l(handlers.o)
    0x08001ea6   0x08001ea6   0x00000002   PAD
    0x08001ea8   0x08001ea8   0x00000184   Code   RO         2728    i._fp_digits        mc_w.l(printfa.o)
    0x0800202c   0x0800202c   0x000006dc   Code   RO         2729    i._printf_core      mc_w.l(printfa.o)
    0x08002708   0x08002708   0x00000024   Code   RO         2730    i._printf_post_padding  mc_w.l(printfa.o)
    0x0800272c   0x0800272c   0x0000002e   Code   RO         2731    i._printf_pre_padding  mc_w.l(printfa.o)
    0x0800275a   0x0800275a   0x00000002   PAD
    0x0800275c   0x0800275c   0x0000002c   Code   RO            2    i.fputc             main.o
    0x08002788   0x08002788   0x00000050   Code   RO            3    i.main              main.o
    0x080027d8   0x080027d8   0x0000011c   Code   RO            4    i.updateBlobInfo    main.o
    0x080028f4   0x080028f4   0x00000020   Data   RO         2849    Region$$Table       anon$$obj.o


    Execution Region ER_RW (Exec base: 0x20000000, Load base: 0x08002914, Size: 0x000000a0, Max: 0xffffffff, ABSOLUTE)

    Exec Addr    Load Addr    Size         Type   Attr      Idx    E Section Name        Object

    0x20000000   0x08002914   0x00000028   Data   RW            5    .data               main.o
    0x20000028   0x0800293c   0x00000004   Data   RW          389    .data               sys_tick.o
    0x2000002c   0x08002940   0x00000048   Data   RW          584    .data               gimbal.o
    0x20000074   0x08002988   0x00000014   Data   RW         1421    .data               stm32f10x_rcc.o
    0x20000088   0x0800299c   0x00000014   Data   RW         2455    .data               system_stm32f10x.o
    0x2000009c   0x080029b0   0x00000004   Data   RW         2821    .data               mc_w.l(stdout.o)


    Execution Region ER_ZI (Exec base: 0x200000a0, Load base: 0x080029b4, Size: 0x00001030, Max: 0xffffffff, ABSOLUTE)

    Exec Addr    Load Addr    Size         Type   Attr      Idx    E Section Name        Object

    0x200000a0        -       0x00000c30   Zero   RW          160    .bss                usart.o
    0x20000cd0        -       0x00000400   Zero   RW         2443    STACK               startup_stm32f10x_md.o


==============================================================================

Image component sizes


      Code (inc. data)   RO Data    RW Data    ZI Data      Debug   Object Name

       248         32          0          0          0       1224   button.o
       714         12          0          0          0       8776   fashion_star_uart_servo.o
       896        180          0         72          0       9318   gimbal.o
       716        132          0         40          0     239715   main.o
       132         22          0          0          0       1883   misc.o
       436          0          0          0          0      11789   ring_buffer.o
        36          8        236          0       1024        924   startup_stm32f10x_md.o
        52         12          0          0          0       1244   stm32f10x_exti.o
       278          0          0          0          0       2256   stm32f10x_gpio.o
       276         32          0         20          0       4834   stm32f10x_rcc.o
       442          6          0          0          0       6813   stm32f10x_usart.o
       312         44          0          4          0      20657   sys_tick.o
       328         28          0         20          0       2885   system_stm32f10x.o
       864        108          0          0       3120       7313   usart.o

    ----------------------------------------------------------------------
      5740        616        268        156       4144     319631   Object Totals
         0          0         32          0          0          0   (incl. Generated)
        10          0          0          0          0          0   (incl. Padding)

    ----------------------------------------------------------------------

      Code (inc. data)   RO Data    RW Data    ZI Data      Debug   Library Member Name

         0          0          0          0          0          0   entry.o
         0          0          0          0          0          0   entry10a.o
         0          0          0          0          0          0   entry11a.o
         8          4          0          0          0          0   entry2.o
         4          0          0          0          0          0   entry5.o
         0          0          0          0          0          0   entry7b.o
         0          0          0          0          0          0   entry8b.o
         8          4          0          0          0          0   entry9a.o
        30          0          0          0          0          0   handlers.o
        36          8          0          0          0         68   init.o
         0          0          0          0          0          0   iusefp.o
        30          0          0          0          0         68   llshl.o
        36          0          0          0          0         68   llsshr.o
        32          0          0          0          0         68   llushr.o
      2258         90          0          0          0        452   printfa.o
         0          0          0          4          0          0   stdout.o
        44          0          0          0          0         80   uidiv.o
        98          0          0          0          0         92   uldiv.o
        48          0          0          0          0         68   cdcmple.o
        48          0          0          0          0         68   cdrcmple.o
        20          0          0          0          0         68   cfcmple.o
        20          0          0          0          0         68   cfrcmple.o
        56          0          0          0          0         88   d2f.o
       334          0          0          0          0        148   dadd.o
       222          0          0          0          0        100   ddiv.o
       186          0          0          0          0        176   depilogue.o
        50          0          0          0          0         76   dfixui.o
        48          0          0          0          0         68   dfixul.o
        34          0          0          0          0         76   dflti.o
        26          0          0          0          0         76   dfltui.o
       228          0          0          0          0         96   dmul.o
        38          0          0          0          0         68   f2d.o
       176          0          0          0          0        140   fadd.o
       124          0          0          0          0         88   fdiv.o
       110          0          0          0          0        168   fepilogue.o
        50          0          0          0          0         68   ffixi.o
       100          0          0          0          0         76   fmul.o

    ----------------------------------------------------------------------
      4508        106          0          4          0       2680   Library Totals
         6          0          0          0          0          0   (incl. Padding)

    ----------------------------------------------------------------------

      Code (inc. data)   RO Data    RW Data    ZI Data      Debug   Library Name

      2584        106          0          4          0        896   mc_w.l
      1918          0          0          0          0       1784   mf_w.l

    ----------------------------------------------------------------------
      4508        106          0          4          0       2680   Library Totals

    ----------------------------------------------------------------------

==============================================================================


      Code (inc. data)   RO Data    RW Data    ZI Data      Debug   

     10248        722        268        160       4144     317575   Grand Totals
     10248        722        268        160       4144     317575   ELF Image Totals
     10248        722        268        160          0          0   ROM Totals

==============================================================================

    Total RO  Size (Code + RO Data)                10516 (  10.27kB)
    Total RW  Size (RW Data + ZI Data)              4304 (   4.20kB)
    Total ROM Size (Code + RO Data + RW Data)      10676 (  10.43kB)

==============================================================================

